Archive member included to satisfy reference by file (symbol)

/home/kieran/micro_ros_raspberrypi_pico_sdk/libmicroros/libmicroros.a(libgeometry_msgs__rosidl_typesupport_c-twist__type_support.cpp.obj)
                              CMakeFiles/pico_micro_ros_example.dir/pico_micro_ros_example.cpp.obj (rosidl_typesupport_c__get_message_type_support_handle__geometry_msgs__msg__Twist)
/home/kieran/micro_ros_raspberrypi_pico_sdk/libmicroros/libmicroros.a(libgeometry_msgs__rosidl_typesupport_introspection_c-twist__type_support.c.obj)
                              /home/kieran/micro_ros_raspberrypi_pico_sdk/libmicroros/libmicroros.a(libgeometry_msgs__rosidl_typesupport_c-twist__type_support.cpp.obj) (rosidl_typesupport_introspection_c__get_message_type_support_handle__geometry_msgs__msg__Twist)
/home/kieran/micro_ros_raspberrypi_pico_sdk/libmicroros/libmicroros.a(libgeometry_msgs__rosidl_typesupport_introspection_c-vector3__type_support.c.obj)
                              /home/kieran/micro_ros_raspberrypi_pico_sdk/libmicroros/libmicroros.a(libgeometry_msgs__rosidl_typesupport_introspection_c-twist__type_support.c.obj) (rosidl_typesupport_introspection_c__get_message_type_support_handle__geometry_msgs__msg__Vector3)
/home/kieran/micro_ros_raspberrypi_pico_sdk/libmicroros/libmicroros.a(libgeometry_msgs__rosidl_typesupport_microxrcedds_c-twist__type_support_c.c.obj)
                              /home/kieran/micro_ros_raspberrypi_pico_sdk/libmicroros/libmicroros.a(libgeometry_msgs__rosidl_typesupport_c-twist__type_support.cpp.obj) (rosidl_typesupport_microxrcedds_c__get_message_type_support_handle__geometry_msgs__msg__Twist)
/home/kieran/micro_ros_raspberrypi_pico_sdk/libmicroros/libmicroros.a(libgeometry_msgs__rosidl_typesupport_microxrcedds_c-vector3__type_support_c.c.obj)
                              /home/kieran/micro_ros_raspberrypi_pico_sdk/libmicroros/libmicroros.a(libgeometry_msgs__rosidl_typesupport_microxrcedds_c-twist__type_support_c.c.obj) (get_serialized_size_geometry_msgs__msg__Vector3)
/home/kieran/micro_ros_raspberrypi_pico_sdk/libmicroros/libmicroros.a(libmicrocdr-basic.c.obj)
                              /home/kieran/micro_ros_raspberrypi_pico_sdk/libmicroros/libmicroros.a(libgeometry_msgs__rosidl_typesupport_microxrcedds_c-vector3__type_support_c.c.obj) (ucdr_serialize_double)
/home/kieran/micro_ros_raspberrypi_pico_sdk/libmicroros/libmicroros.a(libmicrocdr-common.c.obj)
                              /home/kieran/micro_ros_raspberrypi_pico_sdk/libmicroros/libmicroros.a(libmicrocdr-basic.c.obj) (ucdr_check_buffer_available_for)
/home/kieran/micro_ros_raspberrypi_pico_sdk/libmicroros/libmicroros.a(librclc-executor.c.obj)
                              CMakeFiles/pico_micro_ros_example.dir/pico_micro_ros_example.cpp.obj (rclc_executor_init)
/home/kieran/micro_ros_raspberrypi_pico_sdk/libmicroros/libmicroros.a(librclc-executor_handle.c.obj)
                              /home/kieran/micro_ros_raspberrypi_pico_sdk/libmicroros/libmicroros.a(librclc-executor.c.obj) (rclc_executor_handle_counters_zero_init)
/home/kieran/micro_ros_raspberrypi_pico_sdk/libmicroros/libmicroros.a(librclc-init.c.obj)
                              CMakeFiles/pico_micro_ros_example.dir/pico_micro_ros_example.cpp.obj (rclc_support_init)
/home/kieran/micro_ros_raspberrypi_pico_sdk/libmicroros/libmicroros.a(librclc-node.c.obj)
                              CMakeFiles/pico_micro_ros_example.dir/pico_micro_ros_example.cpp.obj (rclc_node_init_default)
/home/kieran/micro_ros_raspberrypi_pico_sdk/libmicroros/libmicroros.a(librclc-publisher.c.obj)
                              CMakeFiles/pico_micro_ros_example.dir/pico_micro_ros_example.cpp.obj (rclc_publisher_init_default)
/home/kieran/micro_ros_raspberrypi_pico_sdk/libmicroros/libmicroros.a(librclc-sleep.c.obj)
                              /home/kieran/micro_ros_raspberrypi_pico_sdk/libmicroros/libmicroros.a(librclc-executor.c.obj) (rclc_sleep_ms)
/home/kieran/micro_ros_raspberrypi_pico_sdk/libmicroros/libmicroros.a(librclc-timer.c.obj)
                              CMakeFiles/pico_micro_ros_example.dir/pico_micro_ros_example.cpp.obj (rclc_timer_init_default)
/home/kieran/micro_ros_raspberrypi_pico_sdk/libmicroros/libmicroros.a(librcutils-allocator.c.obj)
                              CMakeFiles/pico_micro_ros_example.dir/pico_micro_ros_example.cpp.obj (rcutils_get_default_allocator)
/home/kieran/micro_ros_raspberrypi_pico_sdk/libmicroros/libmicroros.a(librcutils-error_handling.c.obj)
                              /home/kieran/micro_ros_raspberrypi_pico_sdk/libmicroros/libmicroros.a(librclc-executor.c.obj) (rcutils_reset_error)
/home/kieran/micro_ros_raspberrypi_pico_sdk/libmicroros/libmicroros.a(librcutils-time_unix.c.obj)
                              /home/kieran/micro_ros_raspberrypi_pico_sdk/libmicroros/libmicroros.a(librclc-executor.c.obj) (rcutils_system_time_now)
/home/kieran/micro_ros_raspberrypi_pico_sdk/libmicroros/libmicroros.a(librmw_microxrcedds-custom_transport.c.obj)
[...]
Memory Configuration

Name             Origin             Length             Attributes
FLASH            0x0000000010000000 0x0000000000200000 xr
RAM              0x0000000020000000 0x0000000000040000 xrw
SCRATCH_X        0x0000000020040000 0x0000000000001000 xrw
SCRATCH_Y        0x0000000020041000 0x0000000000001000 xrw
*default*        0x0000000000000000 0xffffffffffffffff

Linker script and memory map

LOAD /usr/lib/gcc/arm-none-eabi/10.3.1/thumb/v6-m/nofp/crti.o
LOAD /usr/lib/gcc/arm-none-eabi/10.3.1/thumb/v6-m/nofp/crtbegin.o
LOAD /usr/lib/gcc/arm-none-eabi/10.3.1/../../../arm-none-eabi/lib/thumb/v6-m/nofp/crt0.o

.flash_begin    0x0000000010000000        0x0
                0x0000000010000000                __flash_binary_start = .

.boot2          0x0000000010000000      0x100
                0x0000000010000000                __boot2_start__ = .
 *(.boot2)
 .boot2         0x0000000010000000      0x100 /tmp/ccp7CiZk.o
                0x0000000010000100                __boot2_end__ = .
                0x0000000000000001                ASSERT (((__boot2_end__ - __boot2_start__) == 0x100), ERROR: Pico second stage bootloader must be 256 bytes in size)

.text           0x0000000010000100    0x14ed8
                0x0000000010000100                __logical_binary_start = .
 *(.vectors)
 .vectors       0x0000000010000100       0xd4 CMakeFiles/pico_micro_ros_example.dir/home/kieran/micro_ros_ws/src/pico-sdk/src/rp2_common/pico_crt0/crt0.S.obj
                0x0000000010000100                __vectors
                0x0000000010000100                __VECTOR_TABLE
                0x00000000100001c0                isr_invalid
                0x00000000100001c0                __default_isrs_start
                0x00000000100001c2                isr_nmi
                0x00000000100001c4                isr_hardfault
                0x00000000100001c6                isr_svcall
                0x00000000100001c8                isr_pendsv
                0x00000000100001ca                isr_systick
                0x00000000100001cc                isr_irq30
                0x00000000100001cc                __unhandled_user_irq
                0x00000000100001cc                isr_irq13
                0x00000000100001cc                isr_irq27
                0x00000000100001cc                isr_irq31
                0x00000000100001cc                isr_irq5
                0x00000000100001cc                isr_irq11
                0x00000000100001cc                isr_irq23
                0x00000000100001cc                isr_irq18
                0x00000000100001cc                isr_irq28
                0x00000000100001cc                isr_irq19
                0x00000000100001cc                isr_irq0
                0x00000000100001cc                isr_irq6
                0x00000000100001cc                isr_irq22
                0x00000000100001cc                isr_irq17
                0x00000000100001cc                isr_irq14
                0x00000000100001cc                isr_irq2
                0x00000000100001cc                isr_irq10
                0x00000000100001cc                isr_irq8
                0x00000000100001cc                isr_irq24
                0x00000000100001cc                isr_irq1
                0x00000000100001cc                isr_irq7
                0x00000000100001cc                isr_irq21
                0x00000000100001cc                isr_irq20
                0x00000000100001cc                isr_irq15
                0x00000000100001cc                isr_irq25
                0x00000000100001cc                isr_irq4
                0x00000000100001cc                isr_irq16
                0x00000000100001cc                isr_irq29
                0x00000000100001cc                isr_irq26
                0x00000000100001cc                __default_isrs_end
                0x00000000100001cc                isr_irq3
                0x00000000100001cc                isr_irq12
                0x00000000100001cc                isr_irq9
                0x00000000100001d2                unhandled_user_irq_num_in_r0
 *(.binary_info_header)
 .binary_info_header
                0x00000000100001d4       0x14 CMakeFiles/pico_micro_ros_example.dir/home/kieran/micro_ros_ws/src/pico-sdk/src/rp2_common/pico_crt0/crt0.S.obj
                0x00000000100001e8                __binary_info_header_end = .
 *(.embedded_block)
                0x00000000100001e8                __embedded_block_end = .
 *(.reset)
 .reset         0x00000000100001e8       0x9c CMakeFiles/pico_micro_ros_example.dir/home/kieran/micro_ros_ws/src/pico-sdk/src/rp2_common/pico_crt0/crt0.S.obj
                0x00000000100001e8                _entry_point
 *(.init)
 .init          0x0000000010000284        0x4 /usr/lib/gcc/arm-none-eabi/10.3.1/thumb/v6-m/nofp/crti.o
                0x0000000010000284                _init
 *(EXCLUDE_FILE(*libm.a: *libc.a:*lib_a-mem*.o *libgcc.a:) .text*)
 .text          0x0000000010000288       0x98 /usr/lib/gcc/arm-none-eabi/10.3.1/thumb/v6-m/nofp/crtbegin.o
 .text._Z14timer_callbackP11rcl_timer_sx
                0x0000000010000320       0x38 CMakeFiles/pico_micro_ros_example.dir/pico_micro_ros_example.cpp.obj
                0x0000000010000320                timer_callback(rcl_timer_s*, long long)
 .text.startup.main
                0x0000000010000358       0xf8 CMakeFiles/pico_micro_ros_example.dir/pico_micro_ros_example.cpp.obj
                0x0000000010000358                main
 .text.clock_gettime
                0x0000000010000450       0x3c CMakeFiles/pico_micro_ros_example.dir/pico_uart_transport.c.obj
                0x0000000010000450                clock_gettime
 .text.pico_serial_transport_open
                0x000000001000048c       0x1c CMakeFiles/pico_micro_ros_example.dir/pico_uart_transport.c.obj
                0x000000001000048c                pico_serial_transport_open
 .text.pico_serial_transport_close
                0x00000000100004a8        0x4 CMakeFiles/pico_micro_ros_example.dir/pico_uart_transport.c.obj
                0x00000000100004a8                pico_serial_transport_close
 .text.pico_serial_transport_write
                0x00000000100004ac       0x38 CMakeFiles/pico_micro_ros_example.dir/pico_uart_transport.c.obj
                0x00000000100004ac                pico_serial_transport_write
 .text.pico_serial_transport_read
                0x00000000100004e4       0x64 CMakeFiles/pico_micro_ros_example.dir/pico_uart_transport.c.obj
                0x00000000100004e4                pico_serial_transport_read
 .text.gpio_set_pulls
                0x0000000010000548       0x34 CMakeFiles/pico_micro_ros_example.dir/home/kieran/micro_ros_ws/src/pico-sdk/src/rp2_common/hardware_gpio/gpio.c.obj
                0x0000000010000548                gpio_set_pulls
 .text.gpio_init
                0x000000001000057c       0x40 CMakeFiles/pico_micro_ros_example.dir/home/kieran/micro_ros_ws/src/pico-sdk/src/rp2_common/hardware_gpio/gpio.c.obj
                0x000000001000057c                gpio_init
 .text.rp2040_chip_version
                0x00000000100005bc        0xc CMakeFiles/pico_micro_ros_example.dir/home/kieran/micro_ros_ws/src/pico-sdk/src/rp2040/pico_platform/platform.c.obj
                0x00000000100005bc                rp2040_chip_version
 .text.panic    0x00000000100005c8       0x30 CMakeFiles/pico_micro_ros_example.dir/home/kieran/micro_ros_ws/src/pico-sdk/src/rp2_common/pico_platform_panic/panic.c.obj
                0x00000000100005c8                panic
 .text.hw_claim_or_assert
                0x00000000100005f8       0x44 CMakeFiles/pico_micro_ros_example.dir/home/kieran/micro_ros_ws/src/pico-sdk/src/common/hardware_claim/claim.c.obj
                0x00000000100005f8                hw_claim_or_assert
 .text.hw_claim_unused_from_range
                0x000000001000063c       0x9c CMakeFiles/pico_micro_ros_example.dir/home/kieran/micro_ros_ws/src/pico-sdk/src/common/hardware_claim/claim.c.obj
                0x000000001000063c                hw_claim_unused_from_range
 .text.next_striped_spin_lock_num
                0x00000000100006d8       0x18 CMakeFiles/pico_micro_ros_example.dir/home/kieran/micro_ros_ws/src/pico-sdk/src/rp2_common/hardware_sync/sync.c.obj
                0x00000000100006d8                next_striped_spin_lock_num
 .text.spin_lock_claim_unused
                0x00000000100006f0       0x20 CMakeFiles/pico_micro_ros_example.dir/home/kieran/micro_ros_ws/src/pico-sdk/src/rp2_common/hardware_sync/sync.c.obj
                0x00000000100006f0                spin_lock_claim_unused
 .text.spin_locks_reset
                0x0000000010000710       0x1c CMakeFiles/pico_micro_ros_example.dir/home/kieran/micro_ros_ws/src/pico-sdk/src/rp2_common/hardware_sync_spin_lock/sync_spin_lock.c.obj
                0x0000000010000710                spin_locks_reset
 .text.runtime_init_per_core_irq_priorities
                0x000000001000072c       0x24 CMakeFiles/pico_micro_ros_example.dir/home/kieran/micro_ros_ws/src/pico-sdk/src/rp2_common/hardware_irq/irq.c.obj
                0x000000001000072c                runtime_init_per_core_irq_priorities
 .text.irq_set_enabled
                0x0000000010000750       0x24 CMakeFiles/pico_micro_ros_example.dir/home/kieran/micro_ros_ws/src/pico-sdk/src/rp2_common/hardware_irq/irq.c.obj
                0x0000000010000750                irq_set_enabled
 .text.irq_is_enabled
                0x0000000010000774       0x18 CMakeFiles/pico_micro_ros_example.dir/home/kieran/micro_ros_ws/src/pico-sdk/src/rp2_common/hardware_irq/irq.c.obj
                0x0000000010000774                irq_is_enabled
 .text.irq_set_pending
                0x000000001000078c       0x10 CMakeFiles/pico_micro_ros_example.dir/home/kieran/micro_ros_ws/src/pico-sdk/src/rp2_common/hardware_irq/irq.c.obj
                0x000000001000078c                irq_set_pending
 .text.irq_has_shared_handler
                0x000000001000079c       0x2c CMakeFiles/pico_micro_ros_example.dir/home/kieran/micro_ros_ws/src/pico-sdk/src/rp2_common/hardware_irq/irq.c.obj
                0x000000001000079c                irq_has_shared_handler
 .text.irq_set_exclusive_handler
                0x00000000100007c8       0x54 CMakeFiles/pico_micro_ros_example.dir/home/kieran/micro_ros_ws/src/pico-sdk/src/rp2_common/hardware_irq/irq.c.obj
                0x00000000100007c8                irq_set_exclusive_handler
 .text.irq_add_shared_handler
                0x000000001000081c      0x1e8 CMakeFiles/pico_micro_ros_example.dir/home/kieran/micro_ros_ws/src/pico-sdk/src/rp2_common/hardware_irq/irq.c.obj
                0x000000001000081c                irq_add_shared_handler
 .text.irq_add_tail_to_free_list
                0x0000000010000a04       0xb4 CMakeFiles/pico_micro_ros_example.dir/home/kieran/micro_ros_ws/src/pico-sdk/src/rp2_common/hardware_irq/irq.c.obj
                0x0000000010000a04                irq_add_tail_to_free_list
 .text.user_irq_claim_unused
                0x0000000010000ab8       0x28 CMakeFiles/pico_micro_ros_example.dir/home/kieran/micro_ros_ws/src/pico-sdk/src/rp2_common/hardware_irq/irq.c.obj
                0x0000000010000ab8                user_irq_claim_unused
 .text.lock_init
                0x0000000010000ae0       0x10 CMakeFiles/pico_micro_ros_example.dir/home/kieran/micro_ros_ws/src/pico-sdk/src/common/pico_sync/lock_core.c.obj
                0x0000000010000ae0                lock_init
 .text.runtime_init_mutex
                0x0000000010000af0       0x58 CMakeFiles/pico_micro_ros_example.dir/home/kieran/micro_ros_ws/src/pico-sdk/src/common/pico_sync/mutex.c.obj
                0x0000000010000af0                runtime_init_mutex
 .text.mutex_init
                0x0000000010000b48       0x1c CMakeFiles/pico_micro_ros_example.dir/home/kieran/micro_ros_ws/src/pico-sdk/src/common/pico_sync/mutex.c.obj
                0x0000000010000b48                mutex_init
 .text.critical_section_init
                0x0000000010000b64       0x20 CMakeFiles/pico_micro_ros_example.dir/home/kieran/micro_ros_ws/src/pico-sdk/src/common/pico_sync/critical_section.c.obj
                0x0000000010000b64                critical_section_init
 .text.critical_section_init_with_lock_num
                0x0000000010000b84       0x14 CMakeFiles/pico_micro_ros_example.dir/home/kieran/micro_ros_ws/src/pico-sdk/src/common/pico_sync/critical_section.c.obj
                0x0000000010000b84                critical_section_init_with_lock_num
 .text.sleep_until_callback
                0x0000000010000b98       0x30 CMakeFiles/pico_micro_ros_example.dir/home/kieran/micro_ros_ws/src/pico-sdk/src/common/pico_time/time.c.obj
 .text.alarm_pool_irq_handler
                0x0000000010000bc8      0x2e4 CMakeFiles/pico_micro_ros_example.dir/home/kieran/micro_ros_ws/src/pico-sdk/src/common/pico_time/time.c.obj
 .text.runtime_init_default_alarm_pool
                0x0000000010000eac       0xdc CMakeFiles/pico_micro_ros_example.dir/home/kieran/micro_ros_ws/src/pico-sdk/src/common/pico_time/time.c.obj
                0x0000000010000eac                runtime_init_default_alarm_pool
 .text.alarm_pool_get_default
                0x0000000010000f88        0x8 CMakeFiles/pico_micro_ros_example.dir/home/kieran/micro_ros_ws/src/pico-sdk/src/common/pico_time/time.c.obj
                0x0000000010000f88                alarm_pool_get_default
 .text.alarm_pool_add_alarm_at
                0x0000000010000f90       0xc8 CMakeFiles/pico_micro_ros_example.dir/home/kieran/micro_ros_ws/src/pico-sdk/src/common/pico_time/time.c.obj
                0x0000000010000f90                alarm_pool_add_alarm_at
 .text.alarm_pool_cancel_alarm
                0x0000000010001058       0x7c CMakeFiles/pico_micro_ros_example.dir/home/kieran/micro_ros_ws/src/pico-sdk/src/common/pico_time/time.c.obj
                0x0000000010001058                alarm_pool_cancel_alarm
 .text.alarm_pool_core_num
                0x00000000100010d4        0x4 CMakeFiles/pico_micro_ros_example.dir/home/kieran/micro_ros_ws/src/pico-sdk/src/common/pico_time/time.c.obj
                0x00000000100010d4                alarm_pool_core_num
 .text.best_effort_wfe_or_timeout
                0x00000000100010d8      0x11c CMakeFiles/pico_micro_ros_example.dir/home/kieran/micro_ros_ws/src/pico-sdk/src/common/pico_time/time.c.obj
                0x00000000100010d8                best_effort_wfe_or_timeout
 .text.timer_hardware_alarm_claim
                0x00000000100011f4       0x14 CMakeFiles/pico_micro_ros_example.dir/home/kieran/micro_ros_ws/src/pico-sdk/src/rp2_common/hardware_timer/timer.c.obj
                0x00000000100011f4                timer_hardware_alarm_claim
 .text.timer_time_us_64
                0x0000000010001208       0x10 CMakeFiles/pico_micro_ros_example.dir/home/kieran/micro_ros_ws/src/pico-sdk/src/rp2_common/hardware_timer/timer.c.obj
                0x0000000010001208                timer_time_us_64
 .text.time_us_64
                0x0000000010001218       0x14 CMakeFiles/pico_micro_ros_example.dir/home/kieran/micro_ros_ws/src/pico-sdk/src/rp2_common/hardware_timer/timer.c.obj
                0x0000000010001218                time_us_64
 .text.busy_wait_us
                0x000000001000122c       0x54 CMakeFiles/pico_micro_ros_example.dir/home/kieran/micro_ros_ws/src/pico-sdk/src/rp2_common/hardware_timer/timer.c.obj
                0x000000001000122c                busy_wait_us
 .text.clock_configure_int_divider
                0x0000000010001280       0xf4 CMakeFiles/pico_micro_ros_example.dir/home/kieran/micro_ros_ws/src/pico-sdk/src/rp2_common/hardware_clocks/clocks.c.obj
                0x0000000010001280                clock_configure_int_divider
 .text.clock_configure_undivided
                0x0000000010001374       0xe8 CMakeFiles/pico_micro_ros_example.dir/home/kieran/micro_ros_ws/src/pico-sdk/src/rp2_common/hardware_clocks/clocks.c.obj
                0x0000000010001374                clock_configure_undivided
 .text.clock_get_hz
                0x000000001000145c        0xc CMakeFiles/pico_micro_ros_example.dir/home/kieran/micro_ros_ws/src/pico-sdk/src/rp2_common/hardware_clocks/clocks.c.obj
                0x000000001000145c                clock_get_hz
 .text.pll_init
                0x0000000010001468       0xa0 CMakeFiles/pico_micro_ros_example.dir/home/kieran/micro_ros_ws/src/pico-sdk/src/rp2_common/hardware_pll/pll.c.obj
                0x0000000010001468                pll_init
 .text.watchdog_reboot
                0x0000000010001508       0x98 CMakeFiles/pico_micro_ros_example.dir/home/kieran/micro_ros_ws/src/pico-sdk/src/rp2_common/hardware_watchdog/watchdog.c.obj
                0x0000000010001508                watchdog_reboot
 .text.tick_start
                0x00000000100015a0       0x10 CMakeFiles/pico_micro_ros_example.dir/home/kieran/micro_ros_ws/src/pico-sdk/src/rp2_common/hardware_ticks/ticks.c.obj
                0x00000000100015a0                tick_start
 .text.xosc_init
                0x00000000100015b0       0x28 CMakeFiles/pico_micro_ros_example.dir/home/kieran/micro_ros_ws/src/pico-sdk/src/rp2_common/hardware_xosc/xosc.c.obj
                0x00000000100015b0                xosc_init
 .text.first_per_core_initializer
                0x00000000100015d8        0x4 CMakeFiles/pico_micro_ros_example.dir/home/kieran/micro_ros_ws/src/pico-sdk/src/rp2_common/pico_runtime/runtime.c.obj
 .text.hard_assertion_failure
                0x00000000100015dc        0xc CMakeFiles/pico_micro_ros_example.dir/home/kieran/micro_ros_ws/src/pico-sdk/src/rp2_common/pico_runtime/runtime.c.obj
                0x00000000100015dc                hard_assertion_failure
 .text.runtime_run_initializers
                0x00000000100015e8       0x28 CMakeFiles/pico_micro_ros_example.dir/home/kieran/micro_ros_ws/src/pico-sdk/src/rp2_common/pico_runtime/runtime.c.obj
                0x00000000100015e8                runtime_run_initializers
 .text.runtime_init_early_resets
                0x0000000010001610       0x2c CMakeFiles/pico_micro_ros_example.dir/home/kieran/micro_ros_ws/src/pico-sdk/src/rp2_common/pico_runtime_init/runtime_init.c.obj
                0x0000000010001610                runtime_init_early_resets
 .text.runtime_init_usb_power_down
                0x000000001000163c       0x1c CMakeFiles/pico_micro_ros_example.dir/home/kieran/micro_ros_ws/src/pico-sdk/src/rp2_common/pico_runtime_init/runtime_init.c.obj
                0x000000001000163c                runtime_init_usb_power_down
 .text.runtime_init_post_clock_resets
                0x0000000010001658       0x20 CMakeFiles/pico_micro_ros_example.dir/home/kieran/micro_ros_ws/src/pico-sdk/src/rp2_common/pico_runtime_init/runtime_init.c.obj
                0x0000000010001658                runtime_init_post_clock_resets
 .text.runtime_init_rp2040_gpio_ie_disable
                0x0000000010001678       0x14 CMakeFiles/pico_micro_ros_example.dir/home/kieran/micro_ros_ws/src/pico-sdk/src/rp2_common/pico_runtime_init/runtime_init.c.obj
                0x0000000010001678                runtime_init_rp2040_gpio_ie_disable
 .text.runtime_init_spin_locks_reset
                0x000000001000168c        0x8 CMakeFiles/pico_micro_ros_example.dir/home/kieran/micro_ros_ws/src/pico-sdk/src/rp2_common/pico_runtime_init/runtime_init.c.obj
                0x000000001000168c                runtime_init_spin_locks_reset
 .text.runtime_init_install_ram_vector_table
                0x0000000010001694       0x1c CMakeFiles/pico_micro_ros_example.dir/home/kieran/micro_ros_ws/src/pico-sdk/src/rp2_common/pico_runtime_init/runtime_init.c.obj
                0x0000000010001694                runtime_init_install_ram_vector_table
 .text.runtime_init_clocks
                0x00000000100016b0       0xd8 CMakeFiles/pico_micro_ros_example.dir/home/kieran/micro_ros_ws/src/pico-sdk/src/rp2_common/pico_runtime_init/runtime_init_clocks.c.obj
                0x00000000100016b0                runtime_init_clocks
 .text          0x0000000010001788       0x10 CMakeFiles/pico_micro_ros_example.dir/home/kieran/micro_ros_ws/src/pico-sdk/src/rp2_common/pico_bit_ops/bit_ops_aeabi.S.obj
 .text.rom_func_lookup
                0x0000000010001798       0x10 CMakeFiles/pico_micro_ros_example.dir/home/kieran/micro_ros_ws/src/pico-sdk/src/rp2_common/pico_bootrom/bootrom.c.obj
                0x0000000010001798                rom_func_lookup
 .text.rom_data_lookup
                0x00000000100017a8       0x10 CMakeFiles/pico_micro_ros_example.dir/home/kieran/micro_ros_ws/src/pico-sdk/src/rp2_common/pico_bootrom/bootrom.c.obj
                0x00000000100017a8                rom_data_lookup
 .text.rom_funcs_lookup
                0x00000000100017b8       0x44 CMakeFiles/pico_micro_ros_example.dir/home/kieran/micro_ros_ws/src/pico-sdk/src/rp2_common/pico_bootrom/bootrom.c.obj
                0x00000000100017b8                rom_funcs_lookup
 .text.rom_reset_usb_boot
                0x00000000100017fc       0x20 CMakeFiles/pico_micro_ros_example.dir/home/kieran/micro_ros_ws/src/pico-sdk/src/rp2_common/pico_bootrom/bootrom.c.obj
                0x00000000100017fc                rom_reset_usb_boot
 .text.__wrap___aeabi_idiv
                0x000000001000181c       0x50 CMakeFiles/pico_micro_ros_example.dir/home/kieran/micro_ros_ws/src/pico-sdk/src/rp2_common/pico_divider/divider_hardware.S.obj
                0x000000001000181c                __wrap___aeabi_idivmod
                0x000000001000181c                divmod_s32s32
                0x000000001000181c                div_s32s32
                0x000000001000181c                __wrap___aeabi_idiv
                0x0000000010001824                divmod_s32s32_unsafe
                0x0000000010001850                divmod_s32s32_savestate
 .text.__wrap___aeabi_uidiv
                0x000000001000186c       0x4c CMakeFiles/pico_micro_ros_example.dir/home/kieran/micro_ros_ws/src/pico-sdk/src/rp2_common/pico_divider/divider_hardware.S.obj
                0x000000001000186c                __wrap___aeabi_uidiv
                0x000000001000186c                __wrap___aeabi_uidivmod
                0x000000001000186c                div_u32u32
                0x000000001000186c                divmod_u32u32
                0x0000000010001874                divmod_u32u32_unsafe
                0x000000001000189c                divmod_u32u32_savestate
 .text.__wrap___aeabi_ldiv
                0x00000000100018b8      0x424 CMakeFiles/pico_micro_ros_example.dir/home/kieran/micro_ros_ws/src/pico-sdk/src/rp2_common/pico_divider/divider_hardware.S.obj
                0x00000000100018b8                div_s64s64
                0x00000000100018b8                divmod_s64s64
                0x00000000100018b8                __wrap___aeabi_ldivmod
                0x00000000100018e8                div_u64u64
                0x00000000100018e8                divmod_u64u64
                0x00000000100018e8                __wrap___aeabi_uldivmod
                0x00000000100018f8                divmod_u64u64_savestate
                0x0000000010001918                divmod_s64s64_unsafe
                0x00000000100019a0                divmod_u64u64_unsafe
 .text.__wrap___aeabi_darithmetic
                0x0000000010001cdc       0x80 CMakeFiles/pico_micro_ros_example.dir/home/kieran/micro_ros_ws/src/pico-sdk/src/rp2_common/pico_double/double_aeabi_rp2040.S.obj
                0x0000000010001cdc                __wrap___aeabi_drsub
                0x0000000010001ce2                __wrap___aeabi_dsub
                0x0000000010001cf4                __wrap___aeabi_dadd
                0x0000000010001d06                __wrap___aeabi_ddiv
                0x0000000010001d42                __wrap___aeabi_dmul
 .text.__wrap___aeabi_cdcmple
                0x0000000010001d5c       0x6c CMakeFiles/pico_micro_ros_example.dir/home/kieran/micro_ros_ws/src/pico-sdk/src/rp2_common/pico_double/double_aeabi_rp2040.S.obj
                0x0000000010001d5c                __wrap___aeabi_cdrcmple
                0x0000000010001d6c                __wrap___aeabi_cdcmple
                0x0000000010001d6c                __wrap___aeabi_cdcmpeq
 .text.__wrap___aeabi_dcmplt
                0x0000000010001dc8        0xc CMakeFiles/pico_micro_ros_example.dir/home/kieran/micro_ros_ws/src/pico-sdk/src/rp2_common/pico_double/double_aeabi_rp2040.S.obj
                0x0000000010001dc8                __wrap___aeabi_dcmplt
 .text.__wrap___aeabi_dcmple
                0x0000000010001dd4       0x10 CMakeFiles/pico_micro_ros_example.dir/home/kieran/micro_ros_ws/src/pico-sdk/src/rp2_common/pico_double/double_aeabi_rp2040.S.obj
                0x0000000010001dd4                __wrap___aeabi_dcmple
 .text.__wrap___aeabi_dcmpge
                0x0000000010001de4       0x10 CMakeFiles/pico_micro_ros_example.dir/home/kieran/micro_ros_ws/src/pico-sdk/src/rp2_common/pico_double/double_aeabi_rp2040.S.obj
                0x0000000010001de4                __wrap___aeabi_dcmpge
 .text.__wrap___aeabi_dcmpgt
                0x0000000010001df4        0xa CMakeFiles/pico_micro_ros_example.dir/home/kieran/micro_ros_ws/src/pico-sdk/src/rp2_common/pico_double/double_aeabi_rp2040.S.obj
                0x0000000010001df4                __wrap___aeabi_dcmpgt
 .text.__wrap___aeabi_dcmpun
                0x0000000010001dfe       0x18 CMakeFiles/pico_micro_ros_example.dir/home/kieran/micro_ros_ws/src/pico-sdk/src/rp2_common/pico_double/double_aeabi_rp2040.S.obj
                0x0000000010001dfe                __wrap___aeabi_dcmpun
 *fill*         0x0000000010001e16        0x2 
 .text.__wrap___aeabi_i2d
                0x0000000010001e18       0x38 CMakeFiles/pico_micro_ros_example.dir/home/kieran/micro_ros_ws/src/pico-sdk/src/rp2_common/pico_double/double_aeabi_rp2040.S.obj
                0x0000000010001e18                __wrap___aeabi_ui2d
                0x0000000010001e20                __wrap___aeabi_i2d
 .text.__wrap___aeabi_d2iz
                0x0000000010001e50       0x48 CMakeFiles/pico_micro_ros_example.dir/home/kieran/micro_ros_ws/src/pico-sdk/src/rp2_common/pico_double/double_aeabi_rp2040.S.obj
                0x0000000010001e50                __wrap___aeabi_d2iz
                0x0000000010001e50                double2int_z
 .text.__wrap___aeabi_d2uiz
                0x0000000010001e98       0x18 CMakeFiles/pico_micro_ros_example.dir/home/kieran/micro_ros_ws/src/pico-sdk/src/rp2_common/pico_double/double_aeabi_rp2040.S.obj
                0x0000000010001e98                double2uint
                0x0000000010001e98                __wrap___aeabi_d2uiz
 .text.__aeabi_double_init
                0x0000000010001eb0       0xa0 CMakeFiles/pico_micro_ros_example.dir/home/kieran/micro_ros_ws/src/pico-sdk/src/rp2_common/pico_double/double_init_rom_rp2040.c.obj
                0x0000000010001eb0                __aeabi_double_init
 .text.double_table_shim_on_use_helper
                0x0000000010001f50       0x2c CMakeFiles/pico_micro_ros_example.dir/home/kieran/micro_ros_ws/src/pico-sdk/src/rp2_common/pico_double/double_v1_rom_shim_rp2040.S.obj
                0x0000000010001f50                double_table_shim_on_use_helper
 .text.__wrap___aeabi_dsub
                0x0000000010001f7c       0x10 CMakeFiles/pico_micro_ros_example.dir/home/kieran/micro_ros_ws/src/pico-sdk/src/rp2_common/pico_double/double_v1_rom_shim_rp2040.S.obj
                0x0000000010001f7c                drsub_shim
                0x0000000010001f82                dsub_shim
 .text.dadd_shim
                0x0000000010001f8c      0x15c CMakeFiles/pico_micro_ros_example.dir/home/kieran/micro_ros_ws/src/pico-sdk/src/rp2_common/pico_double/double_v1_rom_shim_rp2040.S.obj
                0x0000000010001f8c                dadd_shim
 .text.dmul_shim
                0x00000000100020e8      0x15c CMakeFiles/pico_micro_ros_example.dir/home/kieran/micro_ros_ws/src/pico-sdk/src/rp2_common/pico_double/double_v1_rom_shim_rp2040.S.obj
                0x00000000100020e8                dmul_shim
 .text.ddiv_shim
                0x0000000010002244      0x1b0 CMakeFiles/pico_micro_ros_example.dir/home/kieran/micro_ros_ws/src/pico-sdk/src/rp2_common/pico_double/double_v1_rom_shim_rp2040.S.obj
                0x0000000010002244                ddiv_shim
 .text.double2uint_shim
                0x00000000100023f4        0xe CMakeFiles/pico_micro_ros_example.dir/home/kieran/micro_ros_ws/src/pico-sdk/src/rp2_common/pico_double/double_v1_rom_shim_rp2040.S.obj
                0x00000000100023f4                double2uint_shim
                0x00000000100023f6                double2ufix_shim
 *fill*         0x0000000010002402        0x2 
 .text.double2uint64_shim
                0x0000000010002404       0x70 CMakeFiles/pico_micro_ros_example.dir/home/kieran/micro_ros_ws/src/pico-sdk/src/rp2_common/pico_double/double_v1_rom_shim_rp2040.S.obj
                0x0000000010002404                double2uint64_shim
                0x0000000010002406                double2ufix64_shim
                0x0000000010002426                d2fix_a
 .text.dunpacks
                0x0000000010002474       0x3c CMakeFiles/pico_micro_ros_example.dir/home/kieran/micro_ros_ws/src/pico-sdk/src/rp2_common/pico_double/double_v1_rom_shim_rp2040.S.obj
                0x0000000010002474                dunpacks
 .text.__aeabi_lmul
                0x00000000100024b0       0x32 CMakeFiles/pico_micro_ros_example.dir/home/kieran/micro_ros_ws/src/pico-sdk/src/rp2_common/pico_int64_ops/pico_int64_ops_aeabi.S.obj
                0x00000000100024b0                __wrap___aeabi_lmul
 *fill*         0x00000000100024e2        0x2 
 .text.__wrap___aeabi_farithmetic
                0x00000000100024e4       0x48 CMakeFiles/pico_micro_ros_example.dir/home/kieran/micro_ros_ws/src/pico-sdk/src/rp2_common/pico_float/float_aeabi_rp2040.S.obj
                0x00000000100024e4                __wrap___aeabi_frsub
                0x00000000100024ea                __wrap___aeabi_fsub
                0x00000000100024f0                __wrap___aeabi_fadd
                0x00000000100024f6                __wrap___aeabi_fdiv
                0x000000001000251e                __wrap___aeabi_fmul
 .text.__wrap___aeabi_ui2f
                0x000000001000252c        0xa CMakeFiles/pico_micro_ros_example.dir/home/kieran/micro_ros_ws/src/pico-sdk/src/rp2_common/pico_float/float_aeabi_rp2040.S.obj
                0x000000001000252c                uint2float
                0x000000001000252c                __wrap___aeabi_ui2f
 *fill*         0x0000000010002536        0x2 
 .text.__wrap___aeabi_i2f
                0x0000000010002538       0x44 CMakeFiles/pico_micro_ros_example.dir/home/kieran/micro_ros_ws/src/pico-sdk/src/rp2_common/pico_float/float_aeabi_rp2040.S.obj
                0x0000000010002538                int2float
                0x0000000010002538                __wrap___aeabi_i2f
 .text.__wrap___aeabi_f2iz
                0x000000001000257c       0x4e CMakeFiles/pico_micro_ros_example.dir/home/kieran/micro_ros_ws/src/pico-sdk/src/rp2_common/pico_float/float_aeabi_rp2040.S.obj
                0x000000001000257c                __wrap___aeabi_f2iz
                0x000000001000257c                float2int_z
 *fill*         0x00000000100025ca        0x2 
 .text.float2int
                0x00000000100025cc       0x14 CMakeFiles/pico_micro_ros_example.dir/home/kieran/micro_ros_ws/src/pico-sdk/src/rp2_common/pico_float/float_aeabi_rp2040.S.obj
                0x00000000100025cc                float2int
 .text.__wrap___aeabi_f2uiz
                0x00000000100025e0        0xc CMakeFiles/pico_micro_ros_example.dir/home/kieran/micro_ros_ws/src/pico-sdk/src/rp2_common/pico_float/float_aeabi_rp2040.S.obj
                0x00000000100025e0                float2uint_z
                0x00000000100025e0                __wrap___aeabi_f2uiz
 .text.__aeabi_float_init
                0x00000000100025ec       0x64 CMakeFiles/pico_micro_ros_example.dir/home/kieran/micro_ros_ws/src/pico-sdk/src/rp2_common/pico_float/float_init_rom_rp2040.c.obj
                0x00000000100025ec                __aeabi_float_init
 .text.float_table_shim_on_use_helper
                0x0000000010002650       0x2c CMakeFiles/pico_micro_ros_example.dir/home/kieran/micro_ros_ws/src/pico-sdk/src/rp2_common/pico_float/float_v1_rom_shim_rp2040.S.obj
                0x0000000010002650                float_table_shim_on_use_helper
 .text.float232_shims
                0x000000001000267c       0x18 CMakeFiles/pico_micro_ros_example.dir/home/kieran/micro_ros_ws/src/pico-sdk/src/rp2_common/pico_float/float_v1_rom_shim_rp2040.S.obj
                0x000000001000267c                float2int_shim
                0x000000001000267e                float2fix_shim
 .text.__wrap_malloc
                0x0000000010002694       0x24 CMakeFiles/pico_micro_ros_example.dir/home/kieran/micro_ros_ws/src/pico-sdk/src/rp2_common/pico_malloc/malloc.c.obj
                0x0000000010002694                __wrap_malloc
 .text.__wrap_calloc
                0x00000000100026b8       0x28 CMakeFiles/pico_micro_ros_example.dir/home/kieran/micro_ros_ws/src/pico-sdk/src/rp2_common/pico_malloc/malloc.c.obj
                0x00000000100026b8                __wrap_calloc
 .text.__wrap_realloc
                0x00000000100026e0       0x24 CMakeFiles/pico_micro_ros_example.dir/home/kieran/micro_ros_ws/src/pico-sdk/src/rp2_common/pico_malloc/malloc.c.obj
                0x00000000100026e0                __wrap_realloc
 .text.__wrap_free
                0x0000000010002704        0x8 CMakeFiles/pico_micro_ros_example.dir/home/kieran/micro_ros_ws/src/pico-sdk/src/rp2_common/pico_malloc/malloc.c.obj
                0x0000000010002704                __wrap_free
 .text          0x000000001000270c       0x10 CMakeFiles/pico_micro_ros_example.dir/home/kieran/micro_ros_ws/src/pico-sdk/src/rp2_common/pico_mem_ops/mem_ops_aeabi.S.obj
                0x000000001000270c                __aeabi_mem_init
 .text.memset   0x000000001000271c        0xc CMakeFiles/pico_micro_ros_example.dir/home/kieran/micro_ros_ws/src/pico-sdk/src/rp2_common/pico_mem_ops/mem_ops_aeabi.S.obj
                0x000000001000271c                __wrap_memset
 .text.memcpy   0x0000000010002728        0xc CMakeFiles/pico_micro_ros_example.dir/home/kieran/micro_ros_ws/src/pico-sdk/src/rp2_common/pico_mem_ops/mem_ops_aeabi.S.obj
                0x0000000010002728                __wrap___aeabi_memcpy
                0x0000000010002728                __wrap_memcpy
 .text.__atomic_load_8
                0x0000000010002734       0x10 CMakeFiles/pico_micro_ros_example.dir/home/kieran/micro_ros_ws/src/pico-sdk/src/rp2_common/pico_atomic/atomic.c.obj
                0x0000000010002734                __atomic_load_8
 .text.__atomic_store_8
                0x0000000010002744       0x18 CMakeFiles/pico_micro_ros_example.dir/home/kieran/micro_ros_ws/src/pico-sdk/src/rp2_common/pico_atomic/atomic.c.obj
                0x0000000010002744                __atomic_store_8
 .text.__atomic_exchange_8
                0x000000001000275c       0x20 CMakeFiles/pico_micro_ros_example.dir/home/kieran/micro_ros_ws/src/pico-sdk/src/rp2_common/pico_atomic/atomic.c.obj
                0x000000001000275c                __atomic_exchange_8
 .text._out_buffer
                0x000000001000277c        0x8 CMakeFiles/pico_micro_ros_example.dir/home/kieran/micro_ros_ws/src/pico-sdk/src/rp2_common/pico_printf/printf.c.obj
 .text._out_null
                0x0000000010002784        0x4 CMakeFiles/pico_micro_ros_example.dir/home/kieran/micro_ros_ws/src/pico-sdk/src/rp2_common/pico_printf/printf.c.obj
 .text._out_rev
                0x0000000010002788       0x9c CMakeFiles/pico_micro_ros_example.dir/home/kieran/micro_ros_ws/src/pico-sdk/src/rp2_common/pico_printf/printf.c.obj
 .text._ntoa_format
                0x0000000010002824      0x1cc CMakeFiles/pico_micro_ros_example.dir/home/kieran/micro_ros_ws/src/pico-sdk/src/rp2_common/pico_printf/printf.c.obj
 .text._out_char
                0x00000000100029f0       0x10 CMakeFiles/pico_micro_ros_example.dir/home/kieran/micro_ros_ws/src/pico-sdk/src/rp2_common/pico_printf/printf.c.obj
 .text._out_fct
                0x0000000010002a00       0x10 CMakeFiles/pico_micro_ros_example.dir/home/kieran/micro_ros_ws/src/pico-sdk/src/rp2_common/pico_printf/printf.c.obj
 .text._etoa    0x0000000010002a10      0x44c CMakeFiles/pico_micro_ros_example.dir/home/kieran/micro_ros_ws/src/pico-sdk/src/rp2_common/pico_printf/printf.c.obj
 .text._ftoa    0x0000000010002e5c      0x398 CMakeFiles/pico_micro_ros_example.dir/home/kieran/micro_ros_ws/src/pico-sdk/src/rp2_common/pico_printf/printf.c.obj
 .text._vsnprintf
                0x00000000100031f4      0xb04 CMakeFiles/pico_micro_ros_example.dir/home/kieran/micro_ros_ws/src/pico-sdk/src/rp2_common/pico_printf/printf.c.obj
 .text.__wrap_snprintf
                0x0000000010003cf8       0x28 CMakeFiles/pico_micro_ros_example.dir/home/kieran/micro_ros_ws/src/pico-sdk/src/rp2_common/pico_printf/printf.c.obj
                0x0000000010003cf8                __wrap_snprintf
 .text.__wrap_vsnprintf
                0x0000000010003d20       0x1c CMakeFiles/pico_micro_ros_example.dir/home/kieran/micro_ros_ws/src/pico-sdk/src/rp2_common/pico_printf/printf.c.obj
                0x0000000010003d20                __wrap_vsnprintf
 .text.vfctprintf
                0x0000000010003d3c       0x20 CMakeFiles/pico_micro_ros_example.dir/home/kieran/micro_ros_ws/src/pico-sdk/src/rp2_common/pico_printf/printf.c.obj
                0x0000000010003d3c                vfctprintf
 .text.weak_raw_vprintf
                0x0000000010003d5c       0x30 CMakeFiles/pico_micro_ros_example.dir/home/kieran/micro_ros_ws/src/pico-sdk/src/rp2_common/pico_printf/printf.c.obj
                0x0000000010003d5c                weak_raw_vprintf
 .text._exit    0x0000000010003d8c        0x4 CMakeFiles/pico_micro_ros_example.dir/home/kieran/micro_ros_ws/src/pico-sdk/src/rp2_common/pico_clib_interface/newlib_interface.c.obj
                0x0000000010003d8c                _exit
 .text._sbrk    0x0000000010003d90       0x34 CMakeFiles/pico_micro_ros_example.dir/home/kieran/micro_ros_ws/src/pico-sdk/src/rp2_common/pico_clib_interface/newlib_interface.c.obj
                0x0000000010003d90                _sbrk
 .text.exit     0x0000000010003dc4        0x8 CMakeFiles/pico_micro_ros_example.dir/home/kieran/micro_ros_ws/src/pico-sdk/src/rp2_common/pico_clib_interface/newlib_interface.c.obj
                0x0000000010003dc4                exit
 .text.runtime_init
                0x0000000010003dcc       0x2c CMakeFiles/pico_micro_ros_example.dir/home/kieran/micro_ros_ws/src/pico-sdk/src/rp2_common/pico_clib_interface/newlib_interface.c.obj
                0x0000000010003dcc                runtime_init
 .text.stdio_out_chars_no_crlf
                0x0000000010003df8       0x10 CMakeFiles/pico_micro_ros_example.dir/home/kieran/micro_ros_ws/src/pico-sdk/src/rp2_common/pico_stdio/stdio.c.obj
 .text.stdio_buffered_printer
                0x0000000010003e08       0x60 CMakeFiles/pico_micro_ros_example.dir/home/kieran/micro_ros_ws/src/pico-sdk/src/rp2_common/pico_stdio/stdio.c.obj
 .text.stdio_out_chars_crlf
                0x0000000010003e68       0x10 CMakeFiles/pico_micro_ros_example.dir/home/kieran/micro_ros_ws/src/pico-sdk/src/rp2_common/pico_stdio/stdio.c.obj
 .text.stdio_put_string
                0x0000000010003e78      0x100 CMakeFiles/pico_micro_ros_example.dir/home/kieran/micro_ros_ws/src/pico-sdk/src/rp2_common/pico_stdio/stdio.c.obj
                0x0000000010003e78                stdio_put_string
 .text.stdio_set_driver_enabled
                0x0000000010003f78       0x30 CMakeFiles/pico_micro_ros_example.dir/home/kieran/micro_ros_ws/src/pico-sdk/src/rp2_common/pico_stdio/stdio.c.obj
                0x0000000010003f78                stdio_set_driver_enabled
 .text.stdio_init_all
                0x0000000010003fa8        0x8 CMakeFiles/pico_micro_ros_example.dir/home/kieran/micro_ros_ws/src/pico-sdk/src/rp2_common/pico_stdio/stdio.c.obj
                0x0000000010003fa8                stdio_init_all
 .text.stdio_getchar_timeout_us
                0x0000000010003fb0       0x98 CMakeFiles/pico_micro_ros_example.dir/home/kieran/micro_ros_ws/src/pico-sdk/src/rp2_common/pico_stdio/stdio.c.obj
                0x0000000010003fb0                stdio_getchar_timeout_us
 .text.__wrap_putchar
                0x0000000010004048       0x98 CMakeFiles/pico_micro_ros_example.dir/home/kieran/micro_ros_ws/src/pico-sdk/src/rp2_common/pico_stdio/stdio.c.obj
                0x0000000010004048                stdio_putchar
                0x0000000010004048                __wrap_putchar
 .text.__wrap_puts
                0x00000000100040e0       0x3c CMakeFiles/pico_micro_ros_example.dir/home/kieran/micro_ros_ws/src/pico-sdk/src/rp2_common/pico_stdio/stdio.c.obj
                0x00000000100040e0                __wrap_puts
                0x00000000100040e0                stdio_puts
 .text.__wrap_vprintf
                0x000000001000411c       0xd4 CMakeFiles/pico_micro_ros_example.dir/home/kieran/micro_ros_ws/src/pico-sdk/src/rp2_common/pico_stdio/stdio.c.obj
                0x000000001000411c                __wrap_vprintf
                0x000000001000411c                stdio_vprintf
 .text.__wrap_printf
                0x00000000100041f0       0x18 CMakeFiles/pico_micro_ros_example.dir/home/kieran/micro_ros_ws/src/pico-sdk/src/rp2_common/pico_stdio/stdio.c.obj
                0x00000000100041f0                stdio_printf
                0x00000000100041f0                __wrap_printf
 .text.resetd_init
                0x0000000010004208        0x4 CMakeFiles/pico_micro_ros_example.dir/home/kieran/micro_ros_ws/src/pico-sdk/src/rp2_common/pico_stdio_usb/reset_interface.c.obj
 .text.resetd_reset
                0x000000001000420c        0xc CMakeFiles/pico_micro_ros_example.dir/home/kieran/micro_ros_ws/src/pico-sdk/src/rp2_common/pico_stdio_usb/reset_interface.c.obj
 .text.resetd_open
                0x0000000010004218       0x28 CMakeFiles/pico_micro_ros_example.dir/home/kieran/micro_ros_ws/src/pico-sdk/src/rp2_common/pico_stdio_usb/reset_interface.c.obj
 .text.resetd_xfer_cb
                0x0000000010004240        0x4 CMakeFiles/pico_micro_ros_example.dir/home/kieran/micro_ros_ws/src/pico-sdk/src/rp2_common/pico_stdio_usb/reset_interface.c.obj
 .text.resetd_control_xfer_cb
                0x0000000010004244       0x54 CMakeFiles/pico_micro_ros_example.dir/home/kieran/micro_ros_ws/src/pico-sdk/src/rp2_common/pico_stdio_usb/reset_interface.c.obj
 .text.tud_descriptor_bos_cb
                0x0000000010004298        0x8 CMakeFiles/pico_micro_ros_example.dir/home/kieran/micro_ros_ws/src/pico-sdk/src/rp2_common/pico_stdio_usb/reset_interface.c.obj
                0x0000000010004298                tud_descriptor_bos_cb
 .text.tud_vendor_control_xfer_cb
                0x00000000100042a0       0x34 CMakeFiles/pico_micro_ros_example.dir/home/kieran/micro_ros_ws/src/pico-sdk/src/rp2_common/pico_stdio_usb/reset_interface.c.obj
                0x00000000100042a0                tud_vendor_control_xfer_cb
 .text.usbd_app_driver_get_cb
                0x00000000100042d4        0xc CMakeFiles/pico_micro_ros_example.dir/home/kieran/micro_ros_ws/src/pico-sdk/src/rp2_common/pico_stdio_usb/reset_interface.c.obj
                0x00000000100042d4                usbd_app_driver_get_cb
 .text.tud_cdc_line_coding_cb
                0x00000000100042e0       0x28 CMakeFiles/pico_micro_ros_example.dir/home/kieran/micro_ros_ws/src/pico-sdk/src/rp2_common/pico_stdio_usb/reset_interface.c.obj
                0x00000000100042e0                tud_cdc_line_coding_cb
 .text.stdio_usb_set_chars_available_callback
                0x0000000010004308       0x14 CMakeFiles/pico_micro_ros_example.dir/home/kieran/micro_ros_ws/src/pico-sdk/src/rp2_common/pico_stdio_usb/stdio_usb.c.obj
                0x0000000010004308                stdio_usb_set_chars_available_callback
 .text.usb_irq  0x000000001000431c       0x10 CMakeFiles/pico_micro_ros_example.dir/home/kieran/micro_ros_ws/src/pico-sdk/src/rp2_common/pico_stdio_usb/stdio_usb.c.obj
 .text.timer_task
                0x000000001000432c       0x64 CMakeFiles/pico_micro_ros_example.dir/home/kieran/micro_ros_ws/src/pico-sdk/src/rp2_common/pico_stdio_usb/stdio_usb.c.obj
 .text.stdio_usb_in_chars
                0x0000000010004390       0x90 CMakeFiles/pico_micro_ros_example.dir/home/kieran/micro_ros_ws/src/pico-sdk/src/rp2_common/pico_stdio_usb/stdio_usb.c.obj
                0x0000000010004390                stdio_usb_in_chars
 .text.stdio_usb_out_flush
                0x0000000010004420       0x50 CMakeFiles/pico_micro_ros_example.dir/home/kieran/micro_ros_ws/src/pico-sdk/src/rp2_common/pico_stdio_usb/stdio_usb.c.obj
 .text.stdio_usb_out_chars
                0x0000000010004470      0x100 CMakeFiles/pico_micro_ros_example.dir/home/kieran/micro_ros_ws/src/pico-sdk/src/rp2_common/pico_stdio_usb/stdio_usb.c.obj
 .text.low_priority_worker_irq
                0x0000000010004570       0xc8 CMakeFiles/pico_micro_ros_example.dir/home/kieran/micro_ros_ws/src/pico-sdk/src/rp2_common/pico_stdio_usb/stdio_usb.c.obj
 .text.stdio_usb_init
                0x0000000010004638       0xe4 CMakeFiles/pico_micro_ros_example.dir/home/kieran/micro_ros_ws/src/pico-sdk/src/rp2_common/pico_stdio_usb/stdio_usb.c.obj
                0x0000000010004638                stdio_usb_init
 .text.tud_descriptor_device_cb
                0x000000001000471c        0x8 CMakeFiles/pico_micro_ros_example.dir/home/kieran/micro_ros_ws/src/pico-sdk/src/rp2_common/pico_stdio_usb/stdio_usb_descriptors.c.obj
                0x000000001000471c                tud_descriptor_device_cb
 .text.tud_descriptor_configuration_cb
                0x0000000010004724        0x8 CMakeFiles/pico_micro_ros_example.dir/home/kieran/micro_ros_ws/src/pico-sdk/src/rp2_common/pico_stdio_usb/stdio_usb_descriptors.c.obj
                0x0000000010004724                tud_descriptor_configuration_cb
 .text.tud_descriptor_string_cb
                0x000000001000472c       0x74 CMakeFiles/pico_micro_ros_example.dir/home/kieran/micro_ros_ws/src/pico-sdk/src/rp2_common/pico_stdio_usb/stdio_usb_descriptors.c.obj
                0x000000001000472c                tud_descriptor_string_cb
 .text.startup._retrieve_unique_id_on_boot
                0x00000000100047a0       0x10 CMakeFiles/pico_micro_ros_example.dir/home/kieran/micro_ros_ws/src/pico-sdk/src/rp2_common/pico_unique_id/unique_id.c.obj
 .text.pico_get_unique_board_id_string
                0x00000000100047b0      0x1a8 CMakeFiles/pico_micro_ros_example.dir/home/kieran/micro_ros_ws/src/pico-sdk/src/rp2_common/pico_unique_id/unique_id.c.obj
                0x00000000100047b0                pico_get_unique_board_id_string
 .text.flash_get_unique_id
                0x0000000010004958       0x40 CMakeFiles/pico_micro_ros_example.dir/home/kieran/micro_ros_ws/src/pico-sdk/src/rp2_common/hardware_flash/flash.c.obj
                0x0000000010004958                flash_get_unique_id
 .text.dcd_init
                0x0000000010004998       0x8c CMakeFiles/pico_micro_ros_example.dir/home/kieran/micro_ros_ws/src/pico-sdk/lib/tinyusb/src/portable/raspberrypi/rp2040/dcd_rp2040.c.obj
                0x0000000010004998                dcd_init
 .text.dcd_int_enable
                0x0000000010004a24        0xc CMakeFiles/pico_micro_ros_example.dir/home/kieran/micro_ros_ws/src/pico-sdk/lib/tinyusb/src/portable/raspberrypi/rp2040/dcd_rp2040.c.obj
                0x0000000010004a24                dcd_int_enable
 .text.dcd_set_address
                0x0000000010004a30       0x14 CMakeFiles/pico_micro_ros_example.dir/home/kieran/micro_ros_ws/src/pico-sdk/lib/tinyusb/src/portable/raspberrypi/rp2040/dcd_rp2040.c.obj
                0x0000000010004a30                dcd_set_address
 .text.dcd_sof_enable
                0x0000000010004a44       0x1c CMakeFiles/pico_micro_ros_example.dir/home/kieran/micro_ros_ws/src/pico-sdk/lib/tinyusb/src/portable/raspberrypi/rp2040/dcd_rp2040.c.obj
                0x0000000010004a44                dcd_sof_enable
 .text.dcd_edpt0_status_complete
                0x0000000010004a60       0x1c CMakeFiles/pico_micro_ros_example.dir/home/kieran/micro_ros_ws/src/pico-sdk/lib/tinyusb/src/portable/raspberrypi/rp2040/dcd_rp2040.c.obj
                0x0000000010004a60                dcd_edpt0_status_complete
 .text.dcd_edpt_open
                0x0000000010004a7c      0x108 CMakeFiles/pico_micro_ros_example.dir/home/kieran/micro_ros_ws/src/pico-sdk/lib/tinyusb/src/portable/raspberrypi/rp2040/dcd_rp2040.c.obj
                0x0000000010004a7c                dcd_edpt_open
 .text.dcd_edpt_close_all
                0x0000000010004b84        0x8 CMakeFiles/pico_micro_ros_example.dir/home/kieran/micro_ros_ws/src/pico-sdk/lib/tinyusb/src/portable/raspberrypi/rp2040/dcd_rp2040.c.obj
                0x0000000010004b84                dcd_edpt_close_all
 .text.dcd_edpt_xfer
                0x0000000010004b8c       0x24 CMakeFiles/pico_micro_ros_example.dir/home/kieran/micro_ros_ws/src/pico-sdk/lib/tinyusb/src/portable/raspberrypi/rp2040/dcd_rp2040.c.obj
                0x0000000010004b8c                dcd_edpt_xfer
 .text.dcd_edpt_stall
                0x0000000010004bb0       0x38 CMakeFiles/pico_micro_ros_example.dir/home/kieran/micro_ros_ws/src/pico-sdk/lib/tinyusb/src/portable/raspberrypi/rp2040/dcd_rp2040.c.obj
                0x0000000010004bb0                dcd_edpt_stall
 .text.dcd_edpt_clear_stall
                0x0000000010004be8       0x30 CMakeFiles/pico_micro_ros_example.dir/home/kieran/micro_ros_ws/src/pico-sdk/lib/tinyusb/src/portable/raspberrypi/rp2040/dcd_rp2040.c.obj
                0x0000000010004be8                dcd_edpt_clear_stall
 .text.rp2040_usb_init
                0x0000000010004c18       0x40 CMakeFiles/pico_micro_ros_example.dir/home/kieran/micro_ros_ws/src/pico-sdk/lib/tinyusb/src/portable/raspberrypi/rp2040/rp2040_usb.c.obj
                0x0000000010004c18                rp2040_usb_init
 .text.hw_endpoint_xfer_start
                0x0000000010004c58       0x50 CMakeFiles/pico_micro_ros_example.dir/home/kieran/micro_ros_ws/src/pico-sdk/lib/tinyusb/src/portable/raspberrypi/rp2040/rp2040_usb.c.obj
                0x0000000010004c58                hw_endpoint_xfer_start
 .text.tud_event_hook_cb
                0x0000000010004ca8        0x4 CMakeFiles/pico_micro_ros_example.dir/home/kieran/micro_ros_ws/src/pico-sdk/lib/tinyusb/src/device/usbd.c.obj
                0x0000000010004ca8                tud_event_hook_cb
 .text.tud_sof_cb
                0x0000000010004cac        0x4 CMakeFiles/pico_micro_ros_example.dir/home/kieran/micro_ros_ws/src/pico-sdk/lib/tinyusb/src/device/usbd.c.obj
                0x0000000010004cac                tud_sof_cb
 .text.tud_descriptor_device_qualifier_cb
                0x0000000010004cb0        0x4 CMakeFiles/pico_micro_ros_example.dir/home/kieran/micro_ros_ws/src/pico-sdk/lib/tinyusb/src/device/usbd.c.obj
                0x0000000010004cb0                tud_descriptor_device_qualifier_cb
 .text.tud_descriptor_other_speed_configuration_cb
                0x0000000010004cb4        0x4 CMakeFiles/pico_micro_ros_example.dir/home/kieran/micro_ros_ws/src/pico-sdk/lib/tinyusb/src/device/usbd.c.obj
                0x0000000010004cb4                tud_descriptor_other_speed_configuration_cb
 .text.tud_mount_cb
                0x0000000010004cb8        0x4 CMakeFiles/pico_micro_ros_example.dir/home/kieran/micro_ros_ws/src/pico-sdk/lib/tinyusb/src/device/usbd.c.obj
                0x0000000010004cb8                tud_mount_cb
 .text.tud_umount_cb
                0x0000000010004cbc        0x4 CMakeFiles/pico_micro_ros_example.dir/home/kieran/micro_ros_ws/src/pico-sdk/lib/tinyusb/src/device/usbd.c.obj
                0x0000000010004cbc                tud_umount_cb
 .text.tud_suspend_cb
                0x0000000010004cc0        0x4 CMakeFiles/pico_micro_ros_example.dir/home/kieran/micro_ros_ws/src/pico-sdk/lib/tinyusb/src/device/usbd.c.obj
                0x0000000010004cc0                tud_suspend_cb
 .text.tud_resume_cb
                0x0000000010004cc4        0x4 CMakeFiles/pico_micro_ros_example.dir/home/kieran/micro_ros_ws/src/pico-sdk/lib/tinyusb/src/device/usbd.c.obj
                0x0000000010004cc4                tud_resume_cb
 .text.tud_mounted
                0x0000000010004cc8       0x10 CMakeFiles/pico_micro_ros_example.dir/home/kieran/micro_ros_ws/src/pico-sdk/lib/tinyusb/src/device/usbd.c.obj
                0x0000000010004cc8                tud_mounted
 .text.tud_suspended
                0x0000000010004cd8       0x10 CMakeFiles/pico_micro_ros_example.dir/home/kieran/micro_ros_ws/src/pico-sdk/lib/tinyusb/src/device/usbd.c.obj
                0x0000000010004cd8                tud_suspended
 .text.tud_init
                0x0000000010004ce8       0xe4 CMakeFiles/pico_micro_ros_example.dir/home/kieran/micro_ros_ws/src/pico-sdk/lib/tinyusb/src/device/usbd.c.obj
                0x0000000010004ce8                tud_init
 .text.tud_task_ext
                0x0000000010004dcc      0x800 CMakeFiles/pico_micro_ros_example.dir/home/kieran/micro_ros_ws/src/pico-sdk/lib/tinyusb/src/device/usbd.c.obj
                0x0000000010004dcc                tud_task_ext
 .text.usbd_open_edpt_pair
                0x00000000100055cc       0x9c CMakeFiles/pico_micro_ros_example.dir/home/kieran/micro_ros_ws/src/pico-sdk/lib/tinyusb/src/device/usbd.c.obj
                0x00000000100055cc                usbd_open_edpt_pair
 .text.usbd_edpt_open
                0x0000000010005668       0x34 CMakeFiles/pico_micro_ros_example.dir/home/kieran/micro_ros_ws/src/pico-sdk/lib/tinyusb/src/device/usbd.c.obj
                0x0000000010005668                usbd_edpt_open
 .text.usbd_edpt_claim
                0x000000001000569c       0x28 CMakeFiles/pico_micro_ros_example.dir/home/kieran/micro_ros_ws/src/pico-sdk/lib/tinyusb/src/device/usbd.c.obj
                0x000000001000569c                usbd_edpt_claim
 .text.usbd_edpt_release
                0x00000000100056c4       0x28 CMakeFiles/pico_micro_ros_example.dir/home/kieran/micro_ros_ws/src/pico-sdk/lib/tinyusb/src/device/usbd.c.obj
                0x00000000100056c4                usbd_edpt_release
 .text.usbd_edpt_xfer
                0x00000000100056ec       0x4c CMakeFiles/pico_micro_ros_example.dir/home/kieran/micro_ros_ws/src/pico-sdk/lib/tinyusb/src/device/usbd.c.obj
                0x00000000100056ec                usbd_edpt_xfer
 .text.tud_control_status
                0x0000000010005738       0x30 CMakeFiles/pico_micro_ros_example.dir/home/kieran/micro_ros_ws/src/pico-sdk/lib/tinyusb/src/device/usbd_control.c.obj
                0x0000000010005738                tud_control_status
 .text.tud_control_xfer
                0x0000000010005768       0xbc CMakeFiles/pico_micro_ros_example.dir/home/kieran/micro_ros_ws/src/pico-sdk/lib/tinyusb/src/device/usbd_control.c.obj
                0x0000000010005768                tud_control_xfer
 .text.usbd_control_reset
                0x0000000010005824       0x14 CMakeFiles/pico_micro_ros_example.dir/home/kieran/micro_ros_ws/src/pico-sdk/lib/tinyusb/src/device/usbd_control.c.obj
                0x0000000010005824                usbd_control_reset
 .text.usbd_control_set_complete_callback
                0x0000000010005838        0xc CMakeFiles/pico_micro_ros_example.dir/home/kieran/micro_ros_ws/src/pico-sdk/lib/tinyusb/src/device/usbd_control.c.obj
                0x0000000010005838                usbd_control_set_complete_callback
 .text.usbd_control_set_request
                0x0000000010005844       0x1c CMakeFiles/pico_micro_ros_example.dir/home/kieran/micro_ros_ws/src/pico-sdk/lib/tinyusb/src/device/usbd_control.c.obj
                0x0000000010005844                usbd_control_set_request
 .text.usbd_control_xfer_cb
                0x0000000010005860       0xf0 CMakeFiles/pico_micro_ros_example.dir/home/kieran/micro_ros_ws/src/pico-sdk/lib/tinyusb/src/device/usbd_control.c.obj
                0x0000000010005860                usbd_control_xfer_cb
 .text._prep_out_transaction.isra.0
                0x0000000010005950       0x5c CMakeFiles/pico_micro_ros_example.dir/home/kieran/micro_ros_ws/src/pico-sdk/lib/tinyusb/src/class/cdc/cdc_device.c.obj
 .text.tud_cdc_n_connected
                0x00000000100059ac       0x30 CMakeFiles/pico_micro_ros_example.dir/home/kieran/micro_ros_ws/src/pico-sdk/lib/tinyusb/src/class/cdc/cdc_device.c.obj
                0x00000000100059ac                tud_cdc_n_connected
 .text.tud_cdc_n_available
                0x00000000100059dc       0x18 CMakeFiles/pico_micro_ros_example.dir/home/kieran/micro_ros_ws/src/pico-sdk/lib/tinyusb/src/class/cdc/cdc_device.c.obj
                0x00000000100059dc                tud_cdc_n_available
 .text.tud_cdc_n_read
                0x00000000100059f4       0x98 CMakeFiles/pico_micro_ros_example.dir/home/kieran/micro_ros_ws/src/pico-sdk/lib/tinyusb/src/class/cdc/cdc_device.c.obj
                0x00000000100059f4                tud_cdc_n_read
 .text.tud_cdc_n_write_flush
                0x0000000010005a8c       0x78 CMakeFiles/pico_micro_ros_example.dir/home/kieran/micro_ros_ws/src/pico-sdk/lib/tinyusb/src/class/cdc/cdc_device.c.obj
                0x0000000010005a8c                tud_cdc_n_write_flush
 .text.tud_cdc_n_write
                0x0000000010005b04       0x44 CMakeFiles/pico_micro_ros_example.dir/home/kieran/micro_ros_ws/src/pico-sdk/lib/tinyusb/src/class/cdc/cdc_device.c.obj
                0x0000000010005b04                tud_cdc_n_write
 .text.tud_cdc_n_write_available
                0x0000000010005b48       0x18 CMakeFiles/pico_micro_ros_example.dir/home/kieran/micro_ros_ws/src/pico-sdk/lib/tinyusb/src/class/cdc/cdc_device.c.obj
                0x0000000010005b48                tud_cdc_n_write_available
 .text.cdcd_init
                0x0000000010005b60       0x7c CMakeFiles/pico_micro_ros_example.dir/home/kieran/micro_ros_ws/src/pico-sdk/lib/tinyusb/src/class/cdc/cdc_device.c.obj
                0x0000000010005b60                cdcd_init
 .text.cdcd_deinit
                0x0000000010005bdc       0x24 CMakeFiles/pico_micro_ros_example.dir/home/kieran/micro_ros_ws/src/pico-sdk/lib/tinyusb/src/class/cdc/cdc_device.c.obj
                0x0000000010005bdc                cdcd_deinit
 .text.cdcd_reset
                0x0000000010005c00       0x4c CMakeFiles/pico_micro_ros_example.dir/home/kieran/micro_ros_ws/src/pico-sdk/lib/tinyusb/src/class/cdc/cdc_device.c.obj
                0x0000000010005c00                cdcd_reset
 .text.cdcd_open
                0x0000000010005c4c       0xb4 CMakeFiles/pico_micro_ros_example.dir/home/kieran/micro_ros_ws/src/pico-sdk/lib/tinyusb/src/class/cdc/cdc_device.c.obj
                0x0000000010005c4c                cdcd_open
 .text.cdcd_control_xfer_cb
                0x0000000010005d00       0xe4 CMakeFiles/pico_micro_ros_example.dir/home/kieran/micro_ros_ws/src/pico-sdk/lib/tinyusb/src/class/cdc/cdc_device.c.obj
                0x0000000010005d00                cdcd_control_xfer_cb
 .text.cdcd_xfer_cb
                0x0000000010005de4       0xfc CMakeFiles/pico_micro_ros_example.dir/home/kieran/micro_ros_ws/src/pico-sdk/lib/tinyusb/src/class/cdc/cdc_device.c.obj
                0x0000000010005de4                cdcd_xfer_cb
 .text.tud_vendor_n_write_flush
                0x0000000010005ee0       0x78 CMakeFiles/pico_micro_ros_example.dir/home/kieran/micro_ros_ws/src/pico-sdk/lib/tinyusb/src/class/vendor/vendor_device.c.obj
                0x0000000010005ee0                tud_vendor_n_write_flush
 .text.vendord_init
                0x0000000010005f58       0x64 CMakeFiles/pico_micro_ros_example.dir/home/kieran/micro_ros_ws/src/pico-sdk/lib/tinyusb/src/class/vendor/vendor_device.c.obj
                0x0000000010005f58                vendord_init
 .text.vendord_deinit
                0x0000000010005fbc       0x24 CMakeFiles/pico_micro_ros_example.dir/home/kieran/micro_ros_ws/src/pico-sdk/lib/tinyusb/src/class/vendor/vendor_device.c.obj
                0x0000000010005fbc                vendord_deinit
 .text.vendord_reset
                0x0000000010005fe0       0x1c CMakeFiles/pico_micro_ros_example.dir/home/kieran/micro_ros_ws/src/pico-sdk/lib/tinyusb/src/class/vendor/vendor_device.c.obj
                0x0000000010005fe0                vendord_reset
 .text.vendord_open
                0x0000000010005ffc       0xc8 CMakeFiles/pico_micro_ros_example.dir/home/kieran/micro_ros_ws/src/pico-sdk/lib/tinyusb/src/class/vendor/vendor_device.c.obj
                0x0000000010005ffc                vendord_open
 .text.vendord_xfer_cb
                0x00000000100060c4       0xc8 CMakeFiles/pico_micro_ros_example.dir/home/kieran/micro_ros_ws/src/pico-sdk/lib/tinyusb/src/class/vendor/vendor_device.c.obj
                0x00000000100060c4                vendord_xfer_cb
 .text.tusb_init
                0x000000001000618c        0xc CMakeFiles/pico_micro_ros_example.dir/home/kieran/micro_ros_ws/src/pico-sdk/lib/tinyusb/src/tusb.c.obj
                0x000000001000618c                tusb_init
 .text.tu_edpt_claim
                0x0000000010006198       0x50 CMakeFiles/pico_micro_ros_example.dir/home/kieran/micro_ros_ws/src/pico-sdk/lib/tinyusb/src/tusb.c.obj
                0x0000000010006198                tu_edpt_claim
 .text.tu_edpt_release
                0x00000000100061e8       0x38 CMakeFiles/pico_micro_ros_example.dir/home/kieran/micro_ros_ws/src/pico-sdk/lib/tinyusb/src/tusb.c.obj
                0x00000000100061e8                tu_edpt_release
 .text.tu_edpt_validate
                0x0000000010006220       0x78 CMakeFiles/pico_micro_ros_example.dir/home/kieran/micro_ros_ws/src/pico-sdk/lib/tinyusb/src/tusb.c.obj
                0x0000000010006220                tu_edpt_validate
 .text.tu_edpt_bind_driver
                0x0000000010006298       0x34 CMakeFiles/pico_micro_ros_example.dir/home/kieran/micro_ros_ws/src/pico-sdk/lib/tinyusb/src/tusb.c.obj
                0x0000000010006298                tu_edpt_bind_driver
 .text.tu_fifo_config
                0x00000000100062cc       0x70 CMakeFiles/pico_micro_ros_example.dir/home/kieran/micro_ros_ws/src/pico-sdk/lib/tinyusb/src/common/tusb_fifo.c.obj
                0x00000000100062cc                tu_fifo_config
 .text.tu_fifo_count
                0x000000001000633c       0x2c CMakeFiles/pico_micro_ros_example.dir/home/kieran/micro_ros_ws/src/pico-sdk/lib/tinyusb/src/common/tusb_fifo.c.obj
                0x000000001000633c                tu_fifo_count
 .text.tu_fifo_empty
                0x0000000010006368       0x10 CMakeFiles/pico_micro_ros_example.dir/home/kieran/micro_ros_ws/src/pico-sdk/lib/tinyusb/src/common/tusb_fifo.c.obj
                0x0000000010006368                tu_fifo_empty
 .text.tu_fifo_remaining
                0x0000000010006378       0x2c CMakeFiles/pico_micro_ros_example.dir/home/kieran/micro_ros_ws/src/pico-sdk/lib/tinyusb/src/common/tusb_fifo.c.obj
                0x0000000010006378                tu_fifo_remaining
 .text.tu_fifo_read
                0x00000000100063a4       0xa0 CMakeFiles/pico_micro_ros_example.dir/home/kieran/micro_ros_ws/src/pico-sdk/lib/tinyusb/src/common/tusb_fifo.c.obj
                0x00000000100063a4                tu_fifo_read
 .text.tu_fifo_read_n
                0x0000000010006444       0xec CMakeFiles/pico_micro_ros_example.dir/home/kieran/micro_ros_ws/src/pico-sdk/lib/tinyusb/src/common/tusb_fifo.c.obj
                0x0000000010006444                tu_fifo_read_n
 .text.tu_fifo_write
                0x0000000010006530       0x88 CMakeFiles/pico_micro_ros_example.dir/home/kieran/micro_ros_ws/src/pico-sdk/lib/tinyusb/src/common/tusb_fifo.c.obj
                0x0000000010006530                tu_fifo_write
 .text.tu_fifo_write_n
                0x00000000100065b8      0x168 CMakeFiles/pico_micro_ros_example.dir/home/kieran/micro_ros_ws/src/pico-sdk/lib/tinyusb/src/common/tusb_fifo.c.obj
                0x00000000100065b8                tu_fifo_write_n
 .text.tu_fifo_clear
                0x0000000010006720       0x40 CMakeFiles/pico_micro_ros_example.dir/home/kieran/micro_ros_ws/src/pico-sdk/lib/tinyusb/src/common/tusb_fifo.c.obj
                0x0000000010006720                tu_fifo_clear
 .text.tu_fifo_set_overwritable
                0x0000000010006760       0x48 CMakeFiles/pico_micro_ros_example.dir/home/kieran/micro_ros_ws/src/pico-sdk/lib/tinyusb/src/common/tusb_fifo.c.obj
                0x0000000010006760                tu_fifo_set_overwritable
 .text.rosidl_typesupport_c__get_message_type_support_handle__geometry_msgs__msg__Twist
                0x00000000100067a8       0x1c /home/kieran/micro_ros_raspberrypi_pico_sdk/libmicroros/libmicroros.a(libgeometry_msgs__rosidl_typesupport_c-twist__type_support.cpp.obj)
                0x00000000100067a8                rosidl_typesupport_c__get_message_type_support_handle__geometry_msgs__msg__Twist
 .text.startup._GLOBAL__sub_I_rosidl_typesupport_c__get_message_type_support_handle__geometry_msgs__msg__Twist
                0x00000000100067c4       0x14 /home/kieran/micro_ros_raspberrypi_pico_sdk/libmicroros/libmicroros.a(libgeometry_msgs__rosidl_typesupport_c-twist__type_support.cpp.obj)
 .text.geometry_msgs__msg__Twist__rosidl_typesupport_introspection_c__Twist_init_function
                0x00000000100067d8        0x8 /home/kieran/micro_ros_raspberrypi_pico_sdk/libmicroros/libmicroros.a(libgeometry_msgs__rosidl_typesupport_introspection_c-twist__type_support.c.obj)
                0x00000000100067d8                geometry_msgs__msg__Twist__rosidl_typesupport_introspection_c__Twist_init_function
 .text.geometry_msgs__msg__Twist__rosidl_typesupport_introspection_c__Twist_fini_function
                0x00000000100067e0        0x8 /home/kieran/micro_ros_raspberrypi_pico_sdk/libmicroros/libmicroros.a(libgeometry_msgs__rosidl_typesupport_introspection_c-twist__type_support.c.obj)
                0x00000000100067e0                geometry_msgs__msg__Twist__rosidl_typesupport_introspection_c__Twist_fini_function
 .text.rosidl_typesupport_introspection_c__get_message_type_support_handle__geometry_msgs__msg__Twist
                0x00000000100067e8       0x30 /home/kieran/micro_ros_raspberrypi_pico_sdk/libmicroros/libmicroros.a(libgeometry_msgs__rosidl_typesupport_introspection_c-twist__type_support.c.obj)
                0x00000000100067e8                rosidl_typesupport_introspection_c__get_message_type_support_handle__geometry_msgs__msg__Twist
 .text.geometry_msgs__msg__Vector3__rosidl_typesupport_introspection_c__Vector3_init_function
                0x0000000010006818        0x8 /home/kieran/micro_ros_raspberrypi_pico_sdk/libmicroros/libmicroros.a(libgeometry_msgs__rosidl_typesupport_introspection_c-vector3__type_support.c.obj)
                0x0000000010006818                geometry_msgs__msg__Vector3__rosidl_typesupport_introspection_c__Vector3_init_function
 .text.geometry_msgs__msg__Vector3__rosidl_typesupport_introspection_c__Vector3_fini_function
                0x0000000010006820        0x8 /home/kieran/micro_ros_raspberrypi_pico_sdk/libmicroros/libmicroros.a(libgeometry_msgs__rosidl_typesupport_introspection_c-vector3__type_support.c.obj)
                0x0000000010006820                geometry_msgs__msg__Vector3__rosidl_typesupport_introspection_c__Vector3_fini_function
 .text.rosidl_typesupport_introspection_c__get_message_type_support_handle__geometry_msgs__msg__Vector3
                0x0000000010006828       0x1c /home/kieran/micro_ros_raspberrypi_pico_sdk/libmicroros/libmicroros.a(libgeometry_msgs__rosidl_typesupport_introspection_c-vector3__type_support.c.obj)
                0x0000000010006828                rosidl_typesupport_introspection_c__get_message_type_support_handle__geometry_msgs__msg__Vector3
 .text.get_serialized_size_geometry_msgs__msg__Twist
                0x0000000010006844       0x24 /home/kieran/micro_ros_raspberrypi_pico_sdk/libmicroros/libmicroros.a(libgeometry_msgs__rosidl_typesupport_microxrcedds_c-twist__type_support_c.c.obj)
                0x0000000010006844                get_serialized_size_geometry_msgs__msg__Twist
 .text._Twist__cdr_deserialize
                0x0000000010006868       0x2c /home/kieran/micro_ros_raspberrypi_pico_sdk/libmicroros/libmicroros.a(libgeometry_msgs__rosidl_typesupport_microxrcedds_c-twist__type_support_c.c.obj)
 .text._Twist__cdr_serialize
                0x0000000010006894       0x30 /home/kieran/micro_ros_raspberrypi_pico_sdk/libmicroros/libmicroros.a(libgeometry_msgs__rosidl_typesupport_microxrcedds_c-twist__type_support_c.c.obj)
 .text._Twist__get_serialized_size
                0x00000000100068c4       0x20 /home/kieran/micro_ros_raspberrypi_pico_sdk/libmicroros/libmicroros.a(libgeometry_msgs__rosidl_typesupport_microxrcedds_c-twist__type_support_c.c.obj)
 .text._Twist__max_serialized_size
                0x00000000100068e4       0x24 /home/kieran/micro_ros_raspberrypi_pico_sdk/libmicroros/libmicroros.a(libgeometry_msgs__rosidl_typesupport_microxrcedds_c-twist__type_support_c.c.obj)
 .text.rosidl_typesupport_microxrcedds_c__get_message_type_support_handle__geometry_msgs__msg__Twist
                0x0000000010006908        0x8 /home/kieran/micro_ros_raspberrypi_pico_sdk/libmicroros/libmicroros.a(libgeometry_msgs__rosidl_typesupport_microxrcedds_c-twist__type_support_c.c.obj)
                0x0000000010006908                rosidl_typesupport_microxrcedds_c__get_message_type_support_handle__geometry_msgs__msg__Twist
 .text.get_serialized_size_geometry_msgs__msg__Vector3
                0x0000000010006910       0x38 /home/kieran/micro_ros_raspberrypi_pico_sdk/libmicroros/libmicroros.a(libgeometry_msgs__rosidl_typesupport_microxrcedds_c-vector3__type_support_c.c.obj)
                0x0000000010006910                get_serialized_size_geometry_msgs__msg__Vector3
 .text._Vector3__cdr_deserialize
                0x0000000010006948       0x28 /home/kieran/micro_ros_raspberrypi_pico_sdk/libmicroros/libmicroros.a(libgeometry_msgs__rosidl_typesupport_microxrcedds_c-vector3__type_support_c.c.obj)
 .text._Vector3__cdr_serialize
                0x0000000010006970       0x30 /home/kieran/micro_ros_raspberrypi_pico_sdk/libmicroros/libmicroros.a(libgeometry_msgs__rosidl_typesupport_microxrcedds_c-vector3__type_support_c.c.obj)
 .text._Vector3__get_serialized_size
                0x00000000100069a0       0x30 /home/kieran/micro_ros_raspberrypi_pico_sdk/libmicroros/libmicroros.a(libgeometry_msgs__rosidl_typesupport_microxrcedds_c-vector3__type_support_c.c.obj)
 .text._Vector3__max_serialized_size
                0x00000000100069d0       0x28 /home/kieran/micro_ros_raspberrypi_pico_sdk/libmicroros/libmicroros.a(libgeometry_msgs__rosidl_typesupport_microxrcedds_c-vector3__type_support_c.c.obj)
 .text.max_serialized_size_geometry_msgs__msg__Vector3
                0x00000000100069f8       0x34 /home/kieran/micro_ros_raspberrypi_pico_sdk/libmicroros/libmicroros.a(libgeometry_msgs__rosidl_typesupport_microxrcedds_c-vector3__type_support_c.c.obj)
                0x00000000100069f8                max_serialized_size_geometry_msgs__msg__Vector3
 .text.rosidl_typesupport_microxrcedds_c__get_message_type_support_handle__geometry_msgs__msg__Vector3
                0x0000000010006a2c        0x8 /home/kieran/micro_ros_raspberrypi_pico_sdk/libmicroros/libmicroros.a(libgeometry_msgs__rosidl_typesupport_microxrcedds_c-vector3__type_support_c.c.obj)
                0x0000000010006a2c                rosidl_typesupport_microxrcedds_c__get_message_type_support_handle__geometry_msgs__msg__Vector3
 .text.ucdr_serialize_bool
                0x0000000010006a34       0x2c /home/kieran/micro_ros_raspberrypi_pico_sdk/libmicroros/libmicroros.a(libmicrocdr-basic.c.obj)
                0x0000000010006a34                ucdr_serialize_bool
 .text.ucdr_deserialize_bool
                0x0000000010006a60       0x30 /home/kieran/micro_ros_raspberrypi_pico_sdk/libmicroros/libmicroros.a(libmicrocdr-basic.c.obj)
                0x0000000010006a60                ucdr_deserialize_bool
 .text.ucdr_serialize_uint8_t
                0x0000000010006a90       0x2c /home/kieran/micro_ros_raspberrypi_pico_sdk/libmicroros/libmicroros.a(libmicrocdr-basic.c.obj)
                0x0000000010006a90                ucdr_serialize_uint8_t
 .text.ucdr_deserialize_uint8_t
                0x0000000010006abc       0x30 /home/kieran/micro_ros_raspberrypi_pico_sdk/libmicroros/libmicroros.a(libmicrocdr-basic.c.obj)
                0x0000000010006abc                ucdr_deserialize_uint8_t
 .text.ucdr_serialize_uint16_t
                0x0000000010006aec       0xf4 /home/kieran/micro_ros_raspberrypi_pico_sdk/libmicroros/libmicroros.a(libmicrocdr-basic.c.obj)
                0x0000000010006aec                ucdr_serialize_uint16_t
 .text.ucdr_serialize_endian_uint16_t
                0x0000000010006be0      0x100 /home/kieran/micro_ros_raspberrypi_pico_sdk/libmicroros/libmicroros.a(libmicrocdr-basic.c.obj)
                0x0000000010006be0                ucdr_serialize_endian_uint16_t
 .text.ucdr_deserialize_uint16_t
                0x0000000010006ce0       0xec /home/kieran/micro_ros_raspberrypi_pico_sdk/libmicroros/libmicroros.a(libmicrocdr-basic.c.obj)
                0x0000000010006ce0                ucdr_deserialize_uint16_t
 .text.ucdr_deserialize_endian_uint16_t
                0x0000000010006dcc       0xf8 /home/kieran/micro_ros_raspberrypi_pico_sdk/libmicroros/libmicroros.a(libmicrocdr-basic.c.obj)
                0x0000000010006dcc                ucdr_deserialize_endian_uint16_t
 .text.ucdr_serialize_uint32_t
                0x0000000010006ec4      0x11c /home/kieran/micro_ros_raspberrypi_pico_sdk/libmicroros/libmicroros.a(libmicrocdr-basic.c.obj)
                0x0000000010006ec4                ucdr_serialize_uint32_t
 .text.ucdr_serialize_endian_uint32_t
                0x0000000010006fe0      0x11c /home/kieran/micro_ros_raspberrypi_pico_sdk/libmicroros/libmicroros.a(libmicrocdr-basic.c.obj)
                0x0000000010006fe0                ucdr_serialize_endian_uint32_t
 .text.ucdr_deserialize_uint32_t
                0x00000000100070fc      0x11c /home/kieran/micro_ros_raspberrypi_pico_sdk/libmicroros/libmicroros.a(libmicrocdr-basic.c.obj)
                0x00000000100070fc                ucdr_deserialize_uint32_t
 .text.ucdr_deserialize_endian_uint32_t
                0x0000000010007218      0x12c /home/kieran/micro_ros_raspberrypi_pico_sdk/libmicroros/libmicroros.a(libmicrocdr-basic.c.obj)
                0x0000000010007218                ucdr_deserialize_endian_uint32_t
 .text.ucdr_serialize_uint64_t
                0x0000000010007344      0x170 /home/kieran/micro_ros_raspberrypi_pico_sdk/libmicroros/libmicroros.a(libmicrocdr-basic.c.obj)
                0x0000000010007344                ucdr_serialize_uint64_t
 .text.ucdr_serialize_int16_t
                0x00000000100074b4       0xf4 /home/kieran/micro_ros_raspberrypi_pico_sdk/libmicroros/libmicroros.a(libmicrocdr-basic.c.obj)
                0x00000000100074b4                ucdr_serialize_int16_t
 .text.ucdr_deserialize_int16_t
                0x00000000100075a8       0xec /home/kieran/micro_ros_raspberrypi_pico_sdk/libmicroros/libmicroros.a(libmicrocdr-basic.c.obj)
                0x00000000100075a8                ucdr_deserialize_int16_t
 .text.ucdr_serialize_int32_t
                0x0000000010007694      0x11c /home/kieran/micro_ros_raspberrypi_pico_sdk/libmicroros/libmicroros.a(libmicrocdr-basic.c.obj)
                0x0000000010007694                ucdr_serialize_int32_t
 .text.ucdr_deserialize_int32_t
                0x00000000100077b0      0x11c /home/kieran/micro_ros_raspberrypi_pico_sdk/libmicroros/libmicroros.a(libmicrocdr-basic.c.obj)
                0x00000000100077b0                ucdr_deserialize_int32_t
 .text.ucdr_serialize_double
                0x00000000100078cc      0x170 /home/kieran/micro_ros_raspberrypi_pico_sdk/libmicroros/libmicroros.a(libmicrocdr-basic.c.obj)
                0x00000000100078cc                ucdr_serialize_double
 .text.ucdr_deserialize_double
                0x0000000010007a3c      0x180 /home/kieran/micro_ros_raspberrypi_pico_sdk/libmicroros/libmicroros.a(libmicrocdr-basic.c.obj)
                0x0000000010007a3c                ucdr_deserialize_double
 .text.ucdr_check_buffer_available_for
                0x0000000010007bbc       0x1c /home/kieran/micro_ros_raspberrypi_pico_sdk/libmicroros/libmicroros.a(libmicrocdr-common.c.obj)
                0x0000000010007bbc                ucdr_check_buffer_available_for
 .text.ucdr_check_final_buffer_behavior
                0x0000000010007bd8       0x38 /home/kieran/micro_ros_raspberrypi_pico_sdk/libmicroros/libmicroros.a(libmicrocdr-common.c.obj)
                0x0000000010007bd8                ucdr_check_final_buffer_behavior
 .text.ucdr_set_on_full_buffer_callback
                0x0000000010007c10        0x8 /home/kieran/micro_ros_raspberrypi_pico_sdk/libmicroros/libmicroros.a(libmicrocdr-common.c.obj)
                0x0000000010007c10                ucdr_set_on_full_buffer_callback
 .text.ucdr_init_buffer_origin_offset_endian
                0x0000000010007c18       0x28 /home/kieran/micro_ros_raspberrypi_pico_sdk/libmicroros/libmicroros.a(libmicrocdr-common.c.obj)
                0x0000000010007c18                ucdr_init_buffer_origin_offset_endian
 .text.ucdr_init_buffer_origin_offset
                0x0000000010007c40       0x14 /home/kieran/micro_ros_raspberrypi_pico_sdk/libmicroros/libmicroros.a(libmicrocdr-common.c.obj)
                0x0000000010007c40                ucdr_init_buffer_origin_offset
 .text.ucdr_init_buffer_origin
                0x0000000010007c54       0x10 /home/kieran/micro_ros_raspberrypi_pico_sdk/libmicroros/libmicroros.a(libmicrocdr-common.c.obj)
                0x0000000010007c54                ucdr_init_buffer_origin
 .text.ucdr_init_buffer
                0x0000000010007c64        0xc /home/kieran/micro_ros_raspberrypi_pico_sdk/libmicroros/libmicroros.a(libmicrocdr-common.c.obj)
                0x0000000010007c64                ucdr_init_buffer
 .text.ucdr_alignment
                0x0000000010007c70       0x10 /home/kieran/micro_ros_raspberrypi_pico_sdk/libmicroros/libmicroros.a(libmicrocdr-common.c.obj)
                0x0000000010007c70                ucdr_alignment
 .text.ucdr_buffer_alignment
                0x0000000010007c80       0x1c /home/kieran/micro_ros_raspberrypi_pico_sdk/libmicroros/libmicroros.a(libmicrocdr-common.c.obj)
                0x0000000010007c80                ucdr_buffer_alignment
 .text.ucdr_align_to
                0x0000000010007c9c       0x24 /home/kieran/micro_ros_raspberrypi_pico_sdk/libmicroros/libmicroros.a(libmicrocdr-common.c.obj)
                0x0000000010007c9c                ucdr_align_to
 .text.ucdr_buffer_length
                0x0000000010007cc0        0x8 /home/kieran/micro_ros_raspberrypi_pico_sdk/libmicroros/libmicroros.a(libmicrocdr-common.c.obj)
                0x0000000010007cc0                ucdr_buffer_length
 .text.ucdr_buffer_remaining
                0x0000000010007cc8        0x8 /home/kieran/micro_ros_raspberrypi_pico_sdk/libmicroros/libmicroros.a(libmicrocdr-common.c.obj)
                0x0000000010007cc8                ucdr_buffer_remaining
 .text.ucdr_check_final_buffer_behavior_array
                0x0000000010007cd0       0x44 /home/kieran/micro_ros_raspberrypi_pico_sdk/libmicroros/libmicroros.a(libmicrocdr-common.c.obj)
                0x0000000010007cd0                ucdr_check_final_buffer_behavior_array
 .text.ucdr_advance_buffer
                0x0000000010007d14       0x44 /home/kieran/micro_ros_raspberrypi_pico_sdk/libmicroros/libmicroros.a(libmicrocdr-common.c.obj)
                0x0000000010007d14                ucdr_advance_buffer
 .text._rclc_check_for_new_data
                0x0000000010007d58       0x90 /home/kieran/micro_ros_raspberrypi_pico_sdk/libmicroros/libmicroros.a(librclc-executor.c.obj)
 .text._rclc_take_new_data
                0x0000000010007de8      0x2c8 /home/kieran/micro_ros_raspberrypi_pico_sdk/libmicroros/libmicroros.a(librclc-executor.c.obj)
 .text._rclc_execute.part.0
                0x00000000100080b0      0x29c /home/kieran/micro_ros_raspberrypi_pico_sdk/libmicroros/libmicroros.a(librclc-executor.c.obj)
 .text.rclc_executor_trigger_any
                0x000000001000834c       0x7c /home/kieran/micro_ros_raspberrypi_pico_sdk/libmicroros/libmicroros.a(librclc-executor.c.obj)
                0x000000001000834c                rclc_executor_trigger_any
 .text.rclc_executor_init
                0x00000000100083c8       0xc0 /home/kieran/micro_ros_raspberrypi_pico_sdk/libmicroros/libmicroros.a(librclc-executor.c.obj)
                0x00000000100083c8                rclc_executor_init
 .text.rclc_executor_add_timer
                0x0000000010008488       0x58 /home/kieran/micro_ros_raspberrypi_pico_sdk/libmicroros/libmicroros.a(librclc-executor.c.obj)
                0x0000000010008488                rclc_executor_add_timer
 .text.rclc_executor_prepare
                0x00000000100084e0       0x88 /home/kieran/micro_ros_raspberrypi_pico_sdk/libmicroros/libmicroros.a(librclc-executor.c.obj)
                0x00000000100084e0                rclc_executor_prepare
 .text.rclc_executor_spin_some.part.0
                0x0000000010008568      0x378 /home/kieran/micro_ros_raspberrypi_pico_sdk/libmicroros/libmicroros.a(librclc-executor.c.obj)
 .text.rclc_executor_spin_some
                0x00000000100088e0       0x30 /home/kieran/micro_ros_raspberrypi_pico_sdk/libmicroros/libmicroros.a(librclc-executor.c.obj)
                0x00000000100088e0                rclc_executor_spin_some
 .text.rclc_executor_handle_counters_zero_init
                0x0000000010008910       0x18 /home/kieran/micro_ros_raspberrypi_pico_sdk/libmicroros/libmicroros.a(librclc-executor_handle.c.obj)
                0x0000000010008910                rclc_executor_handle_counters_zero_init
 .text.rclc_executor_handle_init
                0x0000000010008928       0x28 /home/kieran/micro_ros_raspberrypi_pico_sdk/libmicroros/libmicroros.a(librclc-executor_handle.c.obj)
                0x0000000010008928                rclc_executor_handle_init
 .text.rclc_support_init
                0x0000000010008950       0x94 /home/kieran/micro_ros_raspberrypi_pico_sdk/libmicroros/libmicroros.a(librclc-init.c.obj)
                0x0000000010008950                rclc_support_init
 .text.rclc_node_init_default
                0x00000000100089e4       0x74 /home/kieran/micro_ros_raspberrypi_pico_sdk/libmicroros/libmicroros.a(librclc-node.c.obj)
                0x00000000100089e4                rclc_node_init_default
 .text.rclc_publisher_init_default
                0x0000000010008a58       0x68 /home/kieran/micro_ros_raspberrypi_pico_sdk/libmicroros/libmicroros.a(librclc-publisher.c.obj)
                0x0000000010008a58                rclc_publisher_init_default
 .text.rclc_timer_init_default
                0x0000000010008ac0       0x60 /home/kieran/micro_ros_raspberrypi_pico_sdk/libmicroros/libmicroros.a(librclc-timer.c.obj)
                0x0000000010008ac0                rclc_timer_init_default
 .text.__default_zero_allocate
                0x0000000010008b20        0x8 /home/kieran/micro_ros_raspberrypi_pico_sdk/libmicroros/libmicroros.a(librcutils-allocator.c.obj)
 .text.__default_reallocate
                0x0000000010008b28        0x8 /home/kieran/micro_ros_raspberrypi_pico_sdk/libmicroros/libmicroros.a(librcutils-allocator.c.obj)
 .text.__default_deallocate
                0x0000000010008b30        0x8 /home/kieran/micro_ros_raspberrypi_pico_sdk/libmicroros/libmicroros.a(librcutils-allocator.c.obj)
 .text.__default_allocate
                0x0000000010008b38        0x8 /home/kieran/micro_ros_raspberrypi_pico_sdk/libmicroros/libmicroros.a(librcutils-allocator.c.obj)
 .text.rcutils_get_default_allocator
                0x0000000010008b40       0x14 /home/kieran/micro_ros_raspberrypi_pico_sdk/libmicroros/libmicroros.a(librcutils-allocator.c.obj)
                0x0000000010008b40                rcutils_get_default_allocator
 .text.rcutils_allocator_is_valid
                0x0000000010008b54       0x24 /home/kieran/micro_ros_raspberrypi_pico_sdk/libmicroros/libmicroros.a(librcutils-allocator.c.obj)
                0x0000000010008b54                rcutils_allocator_is_valid
 .text.rcutils_get_error_string
                0x0000000010008b78       0x34 /home/kieran/micro_ros_raspberrypi_pico_sdk/libmicroros/libmicroros.a(librcutils-error_handling.c.obj)
                0x0000000010008b78                rcutils_get_error_string
 .text.rcutils_reset_error
                0x0000000010008bac       0x38 /home/kieran/micro_ros_raspberrypi_pico_sdk/libmicroros/libmicroros.a(librcutils-error_handling.c.obj)
                0x0000000010008bac                rcutils_reset_error
 .text.rcutils_system_time_now
                0x0000000010008be4       0x4c /home/kieran/micro_ros_raspberrypi_pico_sdk/libmicroros/libmicroros.a(librcutils-time_unix.c.obj)
                0x0000000010008be4                rcutils_system_time_now
 .text.rcutils_steady_time_now
                0x0000000010008c30       0x4c /home/kieran/micro_ros_raspberrypi_pico_sdk/libmicroros/libmicroros.a(librcutils-time_unix.c.obj)
                0x0000000010008c30                rcutils_steady_time_now
 .text.rmw_uros_set_custom_transport
                0x0000000010008c7c       0x34 /home/kieran/micro_ros_raspberrypi_pico_sdk/libmicroros/libmicroros.a(librmw_microxrcedds-custom_transport.c.obj)
                0x0000000010008c7c                rmw_uros_set_custom_transport
 .text.rmw_uros_ping_agent
                0x0000000010008cb0       0xa0 /home/kieran/micro_ros_raspberrypi_pico_sdk/libmicroros/libmicroros.a(librmw_microxrcedds-ping.c.obj)
                0x0000000010008cb0                rmw_uros_ping_agent
 .text.rmw_uxrce_transport_init
                0x0000000010008d50       0x2c /home/kieran/micro_ros_raspberrypi_pico_sdk/libmicroros/libmicroros.a(librmw_microxrcedds-rmw_uxrce_transports.c.obj)
                0x0000000010008d50                rmw_uxrce_transport_init
 .text.rmw_uxrce_init_service_memory
                0x0000000010008d7c       0x48 /home/kieran/micro_ros_raspberrypi_pico_sdk/libmicroros/libmicroros.a(librmw_microxrcedds-types.c.obj)
                0x0000000010008d7c                rmw_uxrce_init_service_memory
 .text.rmw_uxrce_init_client_memory
                0x0000000010008dc4       0x48 /home/kieran/micro_ros_raspberrypi_pico_sdk/libmicroros/libmicroros.a(librmw_microxrcedds-types.c.obj)
                0x0000000010008dc4                rmw_uxrce_init_client_memory
 .text.rmw_uxrce_init_publisher_memory
                0x0000000010008e0c       0x48 /home/kieran/micro_ros_raspberrypi_pico_sdk/libmicroros/libmicroros.a(librmw_microxrcedds-types.c.obj)
                0x0000000010008e0c                rmw_uxrce_init_publisher_memory
 .text.rmw_uxrce_init_subscription_memory
                0x0000000010008e54       0x48 /home/kieran/micro_ros_raspberrypi_pico_sdk/libmicroros/libmicroros.a(librmw_microxrcedds-types.c.obj)
                0x0000000010008e54                rmw_uxrce_init_subscription_memory
 .text.rmw_uxrce_init_node_memory
                0x0000000010008e9c       0x48 /home/kieran/micro_ros_raspberrypi_pico_sdk/libmicroros/libmicroros.a(librmw_microxrcedds-types.c.obj)
                0x0000000010008e9c                rmw_uxrce_init_node_memory
 .text.rmw_uxrce_init_session_memory
                0x0000000010008ee4       0x50 /home/kieran/micro_ros_raspberrypi_pico_sdk/libmicroros/libmicroros.a(librmw_microxrcedds-types.c.obj)
                0x0000000010008ee4                rmw_uxrce_init_session_memory
 .text.rmw_uxrce_init_topic_memory
                0x0000000010008f34       0x48 /home/kieran/micro_ros_raspberrypi_pico_sdk/libmicroros/libmicroros.a(librmw_microxrcedds-types.c.obj)
                0x0000000010008f34                rmw_uxrce_init_topic_memory
 .text.rmw_uxrce_init_static_input_buffer_memory
                0x0000000010008f7c       0x50 /home/kieran/micro_ros_raspberrypi_pico_sdk/libmicroros/libmicroros.a(librmw_microxrcedds-types.c.obj)
                0x0000000010008f7c                rmw_uxrce_init_static_input_buffer_memory
 .text.rmw_uxrce_init_init_options_impl_memory
                0x0000000010008fcc       0x48 /home/kieran/micro_ros_raspberrypi_pico_sdk/libmicroros/libmicroros.a(librmw_microxrcedds-types.c.obj)
                0x0000000010008fcc                rmw_uxrce_init_init_options_impl_memory
 .text.rmw_uxrce_init_wait_set_memory
                0x0000000010009014       0x48 /home/kieran/micro_ros_raspberrypi_pico_sdk/libmicroros/libmicroros.a(librmw_microxrcedds-types.c.obj)
                0x0000000010009014                rmw_uxrce_init_wait_set_memory
 .text.rmw_uxrce_init_guard_condition_memory
                0x000000001000905c       0x48 /home/kieran/micro_ros_raspberrypi_pico_sdk/libmicroros/libmicroros.a(librmw_microxrcedds-types.c.obj)
                0x000000001000905c                rmw_uxrce_init_guard_condition_memory
 .text.rmw_uxrce_fini_session_memory
                0x00000000100090a4       0x10 /home/kieran/micro_ros_raspberrypi_pico_sdk/libmicroros/libmicroros.a(librmw_microxrcedds-types.c.obj)
                0x00000000100090a4                rmw_uxrce_fini_session_memory
 .text.rmw_uxrce_fini_node_memory
                0x00000000100090b4       0x34 /home/kieran/micro_ros_raspberrypi_pico_sdk/libmicroros/libmicroros.a(librmw_microxrcedds-types.c.obj)
                0x00000000100090b4                rmw_uxrce_fini_node_memory
 .text.rmw_uxrce_fini_publisher_memory
                0x00000000100090e8       0x34 /home/kieran/micro_ros_raspberrypi_pico_sdk/libmicroros/libmicroros.a(librmw_microxrcedds-types.c.obj)
                0x00000000100090e8                rmw_uxrce_fini_publisher_memory
 .text.rmw_uxrce_fini_subscription_memory
                0x000000001000911c       0x34 /home/kieran/micro_ros_raspberrypi_pico_sdk/libmicroros/libmicroros.a(librmw_microxrcedds-types.c.obj)
                0x000000001000911c                rmw_uxrce_fini_subscription_memory
 .text.rmw_uxrce_fini_service_memory
                0x0000000010009150       0x34 /home/kieran/micro_ros_raspberrypi_pico_sdk/libmicroros/libmicroros.a(librmw_microxrcedds-types.c.obj)
                0x0000000010009150                rmw_uxrce_fini_service_memory
 .text.rmw_uxrce_fini_client_memory
                0x0000000010009184       0x34 /home/kieran/micro_ros_raspberrypi_pico_sdk/libmicroros/libmicroros.a(librmw_microxrcedds-types.c.obj)
                0x0000000010009184                rmw_uxrce_fini_client_memory
 .text.rmw_uxrce_fini_topic_memory
                0x00000000100091b8       0x18 /home/kieran/micro_ros_raspberrypi_pico_sdk/libmicroros/libmicroros.a(librmw_microxrcedds-types.c.obj)
                0x00000000100091b8                rmw_uxrce_fini_topic_memory
 .text.rmw_uxrce_get_static_input_buffer_for_entity
                0x00000000100091d0       0xbc /home/kieran/micro_ros_raspberrypi_pico_sdk/libmicroros/libmicroros.a(librmw_microxrcedds-types.c.obj)
                0x00000000100091d0                rmw_uxrce_get_static_input_buffer_for_entity
 .text.rmw_uxrce_find_static_input_buffer_by_owner
                0x000000001000928c       0x5c /home/kieran/micro_ros_raspberrypi_pico_sdk/libmicroros/libmicroros.a(librmw_microxrcedds-types.c.obj)
                0x000000001000928c                rmw_uxrce_find_static_input_buffer_by_owner
 .text.rmw_uxrce_clean_expired_static_input_buffer
                0x00000000100092e8       0xfc /home/kieran/micro_ros_raspberrypi_pico_sdk/libmicroros/libmicroros.a(librmw_microxrcedds-types.c.obj)
                0x00000000100092e8                rmw_uxrce_clean_expired_static_input_buffer
 .text.get_message_typesupport_handle
                0x00000000100093e4        0x8 /home/kieran/micro_ros_raspberrypi_pico_sdk/libmicroros/libmicroros.a(librosidl_runtime_c-message_type_support.c.obj)
                0x00000000100093e4                get_message_typesupport_handle
 .text.get_message_typesupport_handle_function
                0x00000000100093ec       0x18 /home/kieran/micro_ros_raspberrypi_pico_sdk/libmicroros/libmicroros.a(librosidl_runtime_c-message_type_support.c.obj)
                0x00000000100093ec                get_message_typesupport_handle_function
 .text.rosidl_typesupport_c__get_message_typesupport_handle_function
                0x0000000010009404       0x64 /home/kieran/micro_ros_raspberrypi_pico_sdk/libmicroros/libmicroros.a(librosidl_typesupport_c-message_type_support_dispatch.cpp.obj)
                0x0000000010009404                rosidl_typesupport_c__get_message_typesupport_handle_function
 .text.geometry_msgs__msg__Twist__init
                0x0000000010009468       0x44 /home/kieran/micro_ros_raspberrypi_pico_sdk/libmicroros/libmicroros.a(libgeometry_msgs__rosidl_generator_c-twist__functions.c.obj)
                0x0000000010009468                geometry_msgs__msg__Twist__init
 .text.geometry_msgs__msg__Twist__fini
                0x00000000100094ac       0x14 /home/kieran/micro_ros_raspberrypi_pico_sdk/libmicroros/libmicroros.a(libgeometry_msgs__rosidl_generator_c-twist__functions.c.obj)
                0x00000000100094ac                geometry_msgs__msg__Twist__fini
 .text.geometry_msgs__msg__Vector3__init
                0x00000000100094c0        0x8 /home/kieran/micro_ros_raspberrypi_pico_sdk/libmicroros/libmicroros.a(libgeometry_msgs__rosidl_generator_c-vector3__functions.c.obj)
                0x00000000100094c0                geometry_msgs__msg__Vector3__init
 .text.geometry_msgs__msg__Vector3__fini
                0x00000000100094c8        0x4 /home/kieran/micro_ros_raspberrypi_pico_sdk/libmicroros/libmicroros.a(libgeometry_msgs__rosidl_generator_c-vector3__functions.c.obj)
                0x00000000100094c8                geometry_msgs__msg__Vector3__fini
 .text.get_custom_error
                0x00000000100094cc        0xc /home/kieran/micro_ros_raspberrypi_pico_sdk/libmicroros/libmicroros.a(libmicroxrcedds_client-custom_transport.c.obj)
 .text.recv_custom_msg
                0x00000000100094d8       0xb4 /home/kieran/micro_ros_raspberrypi_pico_sdk/libmicroros/libmicroros.a(libmicroxrcedds_client-custom_transport.c.obj)
 .text.send_custom_msg